Archive member included to satisfy reference by file (symbol)

D:/Work/0-Zanotic/Renesas/Sample Code/r01an6841xx0111-ra-encoder-foc/repo/RA6T3_Setup/src/application/identification/rmw_tuner_library.o(r_aid_auto_identify.o)
                              ./src/application/tuner/r_aid_tuner_gui.o (R_AID_Init)
D:/Work/0-Zanotic/Renesas/Sample Code/r01an6841xx0111-ra-encoder-foc/repo/RA6T3_Setup/src/application/identification/rmw_tuner_library.o(r_aid_core.o)
                              D:/Work/0-Zanotic/Renesas/Sample Code/r01an6841xx0111-ra-encoder-foc/repo/RA6T3_Setup/src/application/identification/rmw_tuner_library.o(r_aid_auto_identify.o) (aid_core_clear_error)
D:/Work/0-Zanotic/Renesas/Sample Code/r01an6841xx0111-ra-encoder-foc/repo/RA6T3_Setup/src/application/identification/rmw_tuner_library.o(r_aid_driver_rx24t_mrssk.o)
                              D:/Work/0-Zanotic/Renesas/Sample Code/r01an6841xx0111-ra-encoder-foc/repo/RA6T3_Setup/src/application/identification/rmw_tuner_library.o(r_aid_core.o) (aid_hal_pwm_enable)
D:/Work/0-Zanotic/Renesas/Sample Code/r01an6841xx0111-ra-encoder-foc/repo/RA6T3_Setup/src/application/identification/rmw_tuner_library.o(r_aid_filter.o)
                              D:/Work/0-Zanotic/Renesas/Sample Code/r01an6841xx0111-ra-encoder-foc/repo/RA6T3_Setup/src/application/identification/rmw_tuner_library.o(r_aid_core.o) (R_AID_Lpff)
D:/Work/0-Zanotic/Renesas/Sample Code/r01an6841xx0111-ra-encoder-foc/repo/RA6T3_Setup/src/application/identification/rmw_tuner_library.o(r_aid_jd.o)
                              D:/Work/0-Zanotic/Renesas/Sample Code/r01an6841xx0111-ra-encoder-foc/repo/RA6T3_Setup/src/application/identification/rmw_tuner_library.o(r_aid_auto_identify.o) (aid_jd_act)
D:/Work/0-Zanotic/Renesas/Sample Code/r01an6841xx0111-ra-encoder-foc/repo/RA6T3_Setup/src/application/identification/rmw_tuner_library.o(r_aid_ke.o)
                              D:/Work/0-Zanotic/Renesas/Sample Code/r01an6841xx0111-ra-encoder-foc/repo/RA6T3_Setup/src/application/identification/rmw_tuner_library.o(r_aid_auto_identify.o) (aid_f4_ke_open)
D:/Work/0-Zanotic/Renesas/Sample Code/r01an6841xx0111-ra-encoder-foc/repo/RA6T3_Setup/src/application/identification/rmw_tuner_library.o(r_aid_ldq.o)
                              D:/Work/0-Zanotic/Renesas/Sample Code/r01an6841xx0111-ra-encoder-foc/repo/RA6T3_Setup/src/application/identification/rmw_tuner_library.o(r_aid_auto_identify.o) (aid_rld_dft_act)
D:/Work/0-Zanotic/Renesas/Sample Code/r01an6841xx0111-ra-encoder-foc/repo/RA6T3_Setup/src/application/identification/rmw_tuner_library.o(r_aid_pi_control.o)
                              D:/Work/0-Zanotic/Renesas/Sample Code/r01an6841xx0111-ra-encoder-foc/repo/RA6T3_Setup/src/application/identification/rmw_tuner_library.o(r_aid_core.o) (aid_pi_ctrl)
D:/Work/0-Zanotic/Renesas/Sample Code/r01an6841xx0111-ra-encoder-foc/repo/RA6T3_Setup/src/application/identification/rmw_tuner_library.o(r_aid_rdiff.o)
                              D:/Work/0-Zanotic/Renesas/Sample Code/r01an6841xx0111-ra-encoder-foc/repo/RA6T3_Setup/src/application/identification/rmw_tuner_library.o(r_aid_auto_identify.o) (aid_rdiff_act)
D:/Work/0-Zanotic/Renesas/Sample Code/r01an6841xx0111-ra-encoder-foc/repo/RA6T3_Setup/src/application/identification/rmw_tuner_library.o(r_aid_transform.o)
                              D:/Work/0-Zanotic/Renesas/Sample Code/r01an6841xx0111-ra-encoder-foc/repo/RA6T3_Setup/src/application/identification/rmw_tuner_library.o(r_aid_core.o) (aid_rotor_angle_init)
D:/Work/0-Zanotic/Renesas/Sample Code/r01an6841xx0111-ra-encoder-foc/repo/RA6T3_Setup/src/application/identification/rmw_tuner_library.o(r_aid_volterr.o)
                              D:/Work/0-Zanotic/Renesas/Sample Code/r01an6841xx0111-ra-encoder-foc/repo/RA6T3_Setup/src/application/identification/rmw_tuner_library.o(r_aid_auto_identify.o) (aid_volterr_init)
D:/Work/0-Zanotic/Renesas/Sample Code/r01an6841xx0111-ra-encoder-foc/repo/RA6T3_Setup/src/application/identification/rmw_tuner_library.o(r_aid_volterr_comp.o)
                              D:/Work/0-Zanotic/Renesas/Sample Code/r01an6841xx0111-ra-encoder-foc/repo/RA6T3_Setup/src/application/identification/rmw_tuner_library.o(r_aid_core.o) (aid_volterr_comp_main)
D:/Work/0-Zanotic/Renesas/Sample Code/r01an6841xx0111-ra-encoder-foc/repo/RA6T3_Setup/src/application/identification/rmw_tuner_library.o(r_aid_function.o)
                              D:/Work/0-Zanotic/Renesas/Sample Code/r01an6841xx0111-ra-encoder-foc/repo/RA6T3_Setup/src/application/identification/rmw_tuner_library.o(r_aid_ldq.o) (aidf_dft_init)
D:\Work\0-Zanotic\Renesas\Sample Code\r01an6841xx0111-ra-encoder-foc\repo\RA6T3_Setup\ra\fsp\lib\rm_motor_current\cm33_gcc\librm_motor_current.a(rm_motor_current_pi_gain_calc.o)
                              ./ra/fsp/src/rm_motor_current/rm_motor_current.o (rm_motor_current_pi_gain_calc)
[...]
Memory Configuration

Name             Origin             Length             Attributes
ITCM             0x00000000         0x00000000         xr
DTCM             0x00000000         0x00000000         xrw
FLASH            0x00000000         0x00040000         xr
RAM              0x20000000         0x0000a000         xrw
DATA_FLASH       0x08000000         0x00001000         xr
QSPI_FLASH       0x60000000         0x00000000         xr
OSPI_DEVICE_0    0x80020000         0x00000000         xr
OSPI_DEVICE_1    0x80030000         0x00000000         xr
OSPI_DEVICE_0_RAM 0x80020000         0x00000000         xrw
OSPI_DEVICE_1_RAM 0x80030000         0x00000000         xrw
SDRAM            0x80010000         0x00000000         xrw
OPTION_SETTING   0x0100a100         0x00000100         r
OPTION_SETTING_OFS 0x0100a100         0x00000018         r
OPTION_SETTING_SAS 0x0100a134         0x000000cc         r
OPTION_SETTING_S 0x0100a200         0x00000100         r
ID_CODE          0x0100a120         0x00000010         xr
*default*        0x00000000         0xffffffff

Linker script and memory map

LOAD c:/program files (x86)/gnu arm embedded toolchain/10 2021.10/bin/../lib/gcc/arm-none-eabi/10.3.1/thumb/v8-m.main+fp/hard/crti.o
LOAD c:/program files (x86)/gnu arm embedded toolchain/10 2021.10/bin/../lib/gcc/arm-none-eabi/10.3.1/thumb/v8-m.main+fp/hard/crtbegin.o
LOAD c:/program files (x86)/gnu arm embedded toolchain/10 2021.10/bin/../lib/gcc/arm-none-eabi/10.3.1/../../../../arm-none-eabi/lib/thumb/v8-m.main+fp/hard/rdimon-crt0.o
START GROUP
LOAD ./src/application/user_interface/ics/r_mtr_ics.o
LOAD ./src/application/tuner/rm_motor_speed/rm_motor_speed_tuner.o
LOAD ./src/application/tuner/rm_motor_driver/rm_motor_driver_tuner.o
LOAD ./src/application/tuner/r_aid_tuner_gui.o
LOAD ./src/application/tuner/r_aid_tuner_gui_user.o
LOAD ./src/application/main/mtr_main.o
LOAD ./src/hal_entry.o
LOAD ./ra_gen/common_data.o
LOAD ./ra_gen/elc_data.o
LOAD ./ra_gen/hal_data.o
LOAD ./ra_gen/main.o
LOAD ./ra_gen/pin_data.o
LOAD ./ra_gen/vector_data.o
LOAD ./ra/fsp/src/rm_motor_speed/rm_motor_speed.o
LOAD ./ra/fsp/src/rm_motor_sense_encoder/rm_motor_sense_encoder.o
LOAD ./ra/fsp/src/rm_motor_position/rm_motor_position.o
LOAD ./ra/fsp/src/rm_motor_encoder/rm_motor_encoder.o
LOAD ./ra/fsp/src/rm_motor_driver/rm_motor_driver.o
LOAD ./ra/fsp/src/rm_motor_current/rm_motor_current.o
LOAD ./ra/fsp/src/r_poeg/r_poeg.o
LOAD ./ra/fsp/src/r_ioport/r_ioport.o
LOAD ./ra/fsp/src/r_gpt_three_phase/r_gpt_three_phase.o
LOAD ./ra/fsp/src/r_gpt/r_gpt.o
LOAD ./ra/fsp/src/r_elc/r_elc.o
LOAD ./ra/fsp/src/r_agt/r_agt.o
LOAD ./ra/fsp/src/r_adc/r_adc.o
LOAD ./ra/fsp/src/bsp/mcu/all/bsp_clocks.o
LOAD ./ra/fsp/src/bsp/mcu/all/bsp_common.o
LOAD ./ra/fsp/src/bsp/mcu/all/bsp_delay.o
LOAD ./ra/fsp/src/bsp/mcu/all/bsp_group_irq.o
LOAD ./ra/fsp/src/bsp/mcu/all/bsp_guard.o
LOAD ./ra/fsp/src/bsp/mcu/all/bsp_io.o
LOAD ./ra/fsp/src/bsp/mcu/all/bsp_irq.o
LOAD ./ra/fsp/src/bsp/mcu/all/bsp_macl.o
LOAD ./ra/fsp/src/bsp/mcu/all/bsp_register_protection.o
LOAD ./ra/fsp/src/bsp/mcu/all/bsp_rom_registers.o
LOAD ./ra/fsp/src/bsp/mcu/all/bsp_sbrk.o
LOAD ./ra/fsp/src/bsp/mcu/all/bsp_sdram.o
LOAD ./ra/fsp/src/bsp/mcu/all/bsp_security.o
LOAD ./ra/fsp/src/bsp/cmsis/Device/RENESAS/Source/startup.o
LOAD ./ra/fsp/src/bsp/cmsis/Device/RENESAS/Source/system.o
LOAD ./ra/board/ra6t3_mck/board_init.o
LOAD ./ra/board/ra6t3_mck/board_leds.o
LOAD D:/Work/0-Zanotic/Renesas/Sample Code/r01an6841xx0111-ra-encoder-foc/repo/RA6T3_Setup/src/application/user_interface/ics/ICS2_RA6T3.o
LOAD D:/Work/0-Zanotic/Renesas/Sample Code/r01an6841xx0111-ra-encoder-foc/repo/RA6T3_Setup/src/application/identification/rmw_tuner_library.o
LOAD D:\Work\0-Zanotic\Renesas\Sample Code\r01an6841xx0111-ra-encoder-foc\repo\RA6T3_Setup\ra\fsp\lib\rm_motor_current\cm33_gcc\librm_motor_current.a
LOAD D:\Work\0-Zanotic\Renesas\Sample Code\r01an6841xx0111-ra-encoder-foc\repo\RA6T3_Setup\ra\fsp\lib\rm_motor_speed\cm33_gcc\librm_motor_speed.a
LOAD D:\Work\0-Zanotic\Renesas\Sample Code\r01an6841xx0111-ra-encoder-foc\repo\RA6T3_Setup\ra\fsp\lib\rm_motor_position\cm33_gcc\librm_motor_position.a
END GROUP
START GROUP
LOAD c:/program files (x86)/gnu arm embedded toolchain/10 2021.10/bin/../lib/gcc/arm-none-eabi/10.3.1/thumb/v8-m.main+fp/hard\libgcc.a
LOAD c:/program files (x86)/gnu arm embedded toolchain/10 2021.10/bin/../lib/gcc/arm-none-eabi/10.3.1/../../../../arm-none-eabi/lib/thumb/v8-m.main+fp/hard\libg_nano.a
LOAD c:/program files (x86)/gnu arm embedded toolchain/10 2021.10/bin/../lib/gcc/arm-none-eabi/10.3.1/../../../../arm-none-eabi/lib/thumb/v8-m.main+fp/hard\libc_nano.a
END GROUP
START GROUP
LOAD c:/program files (x86)/gnu arm embedded toolchain/10 2021.10/bin/../lib/gcc/arm-none-eabi/10.3.1/thumb/v8-m.main+fp/hard\libgcc.a
LOAD c:/program files (x86)/gnu arm embedded toolchain/10 2021.10/bin/../lib/gcc/arm-none-eabi/10.3.1/../../../../arm-none-eabi/lib/thumb/v8-m.main+fp/hard\libc_nano.a
LOAD c:/program files (x86)/gnu arm embedded toolchain/10 2021.10/bin/../lib/gcc/arm-none-eabi/10.3.1/../../../../arm-none-eabi/lib/thumb/v8-m.main+fp/hard\librdimon_nano.a
END GROUP
START GROUP
LOAD c:/program files (x86)/gnu arm embedded toolchain/10 2021.10/bin/../lib/gcc/arm-none-eabi/10.3.1/thumb/v8-m.main+fp/hard\libgcc.a
LOAD c:/program files (x86)/gnu arm embedded toolchain/10 2021.10/bin/../lib/gcc/arm-none-eabi/10.3.1/../../../../arm-none-eabi/lib/thumb/v8-m.main+fp/hard\libc_nano.a
LOAD c:/program files (x86)/gnu arm embedded toolchain/10 2021.10/bin/../lib/gcc/arm-none-eabi/10.3.1/../../../../arm-none-eabi/lib/thumb/v8-m.main+fp/hard\librdimon_nano.a
END GROUP
LOAD c:/program files (x86)/gnu arm embedded toolchain/10 2021.10/bin/../lib/gcc/arm-none-eabi/10.3.1/thumb/v8-m.main+fp/hard/crtend.o
LOAD c:/program files (x86)/gnu arm embedded toolchain/10 2021.10/bin/../lib/gcc/arm-none-eabi/10.3.1/thumb/v8-m.main+fp/hard/crtn.o
                0x20000000                RAM_START = 0x20000000
                0x0000a000                RAM_LENGTH = 0xa000
                0x00000000                FLASH_START = 0x0
                0x00040000                FLASH_LENGTH = 0x40000
                0x08000000                DATA_FLASH_START = 0x8000000
                0x00001000                DATA_FLASH_LENGTH = 0x1000
                0x0100a100                OPTION_SETTING_START = 0x100a100
                0x00000100                OPTION_SETTING_LENGTH = 0x100
                0x0100a200                OPTION_SETTING_S_START = 0x100a200
                0x00000100                OPTION_SETTING_S_LENGTH = 0x100
                0x0100a120                ID_CODE_START = 0x100a120
                0x00000010                ID_CODE_LENGTH = 0x10
                0x80010000                SDRAM_START = 0x80010000
                0x00000000                SDRAM_LENGTH = 0x0
                0x60000000                QSPI_FLASH_START = 0x60000000
                0x00000000                QSPI_FLASH_LENGTH = 0x0
                0x80020000                OSPI_DEVICE_0_START = 0x80020000
                0x00000000                OSPI_DEVICE_0_LENGTH = 0x0
                0x80030000                OSPI_DEVICE_1_START = 0x80030000
                0x00000000                OSPI_DEVICE_1_LENGTH = 0x0
                0x00000000                QSPI_FLASH_PRV_LENGTH = DEFINED (QSPI_FLASH_SIZE)?ABSOLUTE (QSPI_FLASH_SIZE):ABSOLUTE (QSPI_FLASH_LENGTH)
                0x00000000                OSPI_DEVICE_0_PRV_LENGTH = DEFINED (OSPI_DEVICE_0_SIZE)?ABSOLUTE (OSPI_DEVICE_0_SIZE):ABSOLUTE (OSPI_DEVICE_0_LENGTH)
                0x00000000                OSPI_DEVICE_1_PRV_LENGTH = DEFINED (OSPI_DEVICE_1_SIZE)?ABSOLUTE (OSPI_DEVICE_1_SIZE):ABSOLUTE (OSPI_DEVICE_1_LENGTH)
                0x00000000                __RESERVE_NS_RAM = ((! (DEFINED (PROJECT_NONSECURE)) && DEFINED (RAM_NS_BUFFER_LENGTH)) && (OPTION_SETTING_S_LENGTH != 0x0))
                0x00000000                ITCM_START = DEFINED (ITCM_START)?ITCM_START:0x0
                0x00000000                ITCM_LENGTH = DEFINED (ITCM_LENGTH)?ITCM_LENGTH:0x0
                0x00000000                DTCM_START = DEFINED (DTCM_START)?DTCM_START:0x0
                0x00000000                DTCM_LENGTH = DEFINED (DTCM_LENGTH)?DTCM_LENGTH:0x0
                0x00000000                RAM_NS_BUFFER_BLOCK_LENGTH = DEFINED (RAM_NS_BUFFER_LENGTH)?ALIGN (RAM_NS_BUFFER_LENGTH, 0x2000):0x0
                0x00000000                RAM_NS_BUFFER_LENGTH = DEFINED (RAM_NS_BUFFER_LENGTH)?RAM_NS_BUFFER_LENGTH:0x0
                0x2000a000                RAM_NS_BUFFER_START = ((RAM_START + RAM_LENGTH) - RAM_NS_BUFFER_LENGTH)
                0x2000a000                RAM_NS_BUFFER_BLOCK_START = ((RAM_START + RAM_LENGTH) - RAM_NS_BUFFER_BLOCK_LENGTH)
                0x0100a180                OPTION_SETTING_START_NS = DEFINED (PROJECT_NONSECURE)?OPTION_SETTING_START:(OPTION_SETTING_START + 0x80)
                0x00000001                __bl_FSP_BOOTABLE_IMAGE = 0x1
                0x00000001                __bln_FSP_BOOTABLE_IMAGE = 0x1
                0x00000001                PROJECT_SECURE_OR_FLAT = (((! (DEFINED (PROJECT_NONSECURE)) || DEFINED (PROJECT_SECURE)) && OPTION_SETTING_LENGTH) && ! (DEFINED (FSP_BOOTABLE_IMAGE)))
                0x00000000                USE_OPTION_SETTING_NS = (DEFINED (PROJECT_NONSECURE) && ! (DEFINED (FSP_BOOTABLE_IMAGE)))
                0x00000000                __bl_FLASH_IMAGE_START = ! (DEFINED (FLASH_BOOTLOADER_LENGTH))?0x0:(FLASH_APPLICATION_IMAGE_NUMBER == 0x1)?((FLASH_START + FLASH_BOOTLOADER_LENGTH) + FLASH_BOOTLOADER_HEADER_LENGTH):(DEFINED (BOOTLOADER_SECONDARY_USE_QSPI) || DEFINED (BOOTLOADER_SECONDARY_USE_OSPI_B))?(((FLASH_START + FLASH_BOOTLOADER_LENGTH) + FLASH_BOOTLOADER_SCRATCH_LENGTH) + FLASH_BOOTLOADER_HEADER_LENGTH):((((FLASH_START + FLASH_BOOTLOADER_LENGTH) + FLASH_BOOTLOADER_SCRATCH_LENGTH) + FLASH_APPLICATION_S_LENGTH) + FLASH_BOOTLOADER_HEADER_LENGTH)
                0x00000000                __bl_FLASH_IMAGE_LENGTH = ! (DEFINED (FLASH_BOOTLOADER_LENGTH))?0x0:(FLASH_APPLICATION_S_LENGTH - FLASH_BOOTLOADER_HEADER_LENGTH)
                0x00000000                __bl_FLASH_IMAGE_END = (__bl_FLASH_IMAGE_START + __bl_FLASH_IMAGE_LENGTH)
                0x00000000                __bl_XIP_SECONDARY_FLASH_IMAGE_START = ! (DEFINED (FLASH_BOOTLOADER_LENGTH))?0x0:(((FLASH_START + FLASH_BOOTLOADER_LENGTH) + FLASH_APPLICATION_S_LENGTH) + FLASH_BOOTLOADER_HEADER_LENGTH)
                0x00000000                __bl_XIP_SECONDARY_FLASH_IMAGE_END = (__bl_XIP_SECONDARY_FLASH_IMAGE_START + __bl_FLASH_IMAGE_LENGTH)
                0x00000000                __bl_FLASH_NS_START = ! (DEFINED (FLASH_BOOTLOADER_LENGTH))?0x0:(FLASH_APPLICATION_NS_LENGTH == 0x0)?__bl_FLASH_IMAGE_END:((__bl_FLASH_IMAGE_START - FLASH_BOOTLOADER_HEADER_LENGTH) + FLASH_APPLICATION_S_LENGTH)
                0x00000000                __bl_FLASH_NSC_START = ! (DEFINED (FLASH_BOOTLOADER_LENGTH))?0x0:(FLASH_APPLICATION_NS_LENGTH == 0x0)?__bl_FLASH_IMAGE_END:(__bl_FLASH_IMAGE_END - FLASH_APPLICATION_NSC_LENGTH)
                0x00000000                __bl_RAM_NS_START = ! (DEFINED (FLASH_BOOTLOADER_LENGTH))?0x0:(FLASH_APPLICATION_NS_LENGTH == 0x0)?(RAM_START + RAM_LENGTH):((RAM_START + RAM_LENGTH) - RAM_APPLICATION_NS_LENGTH)
                0x00000000                __bl_RAM_NSC_START = ! (DEFINED (FLASH_BOOTLOADER_LENGTH))?0x0:(FLASH_APPLICATION_NS_LENGTH == 0x0)?(RAM_START + RAM_LENGTH):(__bl_RAM_NS_START - RAM_APPLICATION_NSC_LENGTH)
                0x00000000                __bl_FLASH_NS_IMAGE_START = ! (DEFINED (FLASH_BOOTLOADER_LENGTH))?0x0:(FLASH_APPLICATION_NS_LENGTH == 0x0)?__bl_FLASH_IMAGE_END:(__bl_FLASH_NS_START + FLASH_BOOTLOADER_HEADER_LENGTH_2)
                0x00000000                __bln_FLASH_IMAGE_START = (__bl_FLASH_NS_IMAGE_START | ! (DEFINED (NS_OFFSET_START))?0x0:NS_OFFSET_START)
                0x00000000                __bln_FLASH_IMAGE_LENGTH = ! (DEFINED (FLASH_BOOTLOADER_LENGTH))?0x0:(FLASH_APPLICATION_NS_LENGTH == 0x0)?__bl_FLASH_IMAGE_END:(FLASH_APPLICATION_NS_LENGTH - FLASH_BOOTLOADER_HEADER_LENGTH_2)
                0x00000000                XIP_SECONDARY_SLOT_IMAGE = DEFINED (XIP_SECONDARY_SLOT_IMAGE)?XIP_SECONDARY_SLOT_IMAGE:0x0
                0x00000000                FLASH_ORIGIN = ! (DEFINED (FLASH_IMAGE_START))?FLASH_START:(XIP_SECONDARY_SLOT_IMAGE == 0x1)?XIP_SECONDARY_FLASH_IMAGE_START:FLASH_IMAGE_START
                0x00040000                LIMITED_FLASH_LENGTH = DEFINED (FLASH_IMAGE_LENGTH)?FLASH_IMAGE_LENGTH:DEFINED (FLASH_BOOTLOADER_LENGTH)?FLASH_BOOTLOADER_LENGTH:FLASH_LENGTH
                0x00000034                OPTION_SETTING_SAS_SIZE = 0x34
                0x000000cc                OPTION_SETTING_SAS_LENGTH = ! (DEFINED (OPTION_SETTING_LENGTH))?0x0:(OPTION_SETTING_LENGTH == 0x0)?0x0:(OPTION_SETTING_LENGTH - OPTION_SETTING_SAS_SIZE)
START GROUP
LOAD c:/program files (x86)/gnu arm embedded toolchain/10 2021.10/bin/../lib/gcc/arm-none-eabi/10.3.1/thumb/v8-m.main+fp/hard\libgcc.a
LOAD c:/program files (x86)/gnu arm embedded toolchain/10 2021.10/bin/../lib/gcc/arm-none-eabi/10.3.1/../../../../arm-none-eabi/lib/thumb/v8-m.main+fp/hard\libc.a
LOAD c:/program files (x86)/gnu arm embedded toolchain/10 2021.10/bin/../lib/gcc/arm-none-eabi/10.3.1/../../../../arm-none-eabi/lib/thumb/v8-m.main+fp/hard\libm.a
END GROUP

.text           0x00000000    0x11b6c
                0x00000000                __tz_FLASH_S = ABSOLUTE (FLASH_START)
                0x00000000                __ROM_Start = .
 *(.fixed_vectors*)
 .fixed_vectors
                0x00000000       0x40 ./ra/fsp/src/bsp/cmsis/Device/RENESAS/Source/startup.o
                0x00000000                __Vectors
 *(.application_vectors*)
 .application_vectors
                0x00000040      0x180 ./ra_gen/vector_data.o
                0x00000040                g_vector_table
                0x000001c0                __Vectors_End = .
 *(.flash_gap*)
                0x000001c0                . = (OPTION_SETTING_LENGTH > 0x0)?.:(__ROM_Start + 0x400)
 *(.rom_registers*)
 *(.mcuboot_sce9_key*)
 *(.text*)
 .text          0x000001c0       0x40 c:/program files (x86)/gnu arm embedded toolchain/10 2021.10/bin/../lib/gcc/arm-none-eabi/10.3.1/thumb/v8-m.main+fp/hard/crtbegin.o
 .text.mtr_set_com_variables
                0x00000200      0x2c4 ./src/application/user_interface/ics/r_mtr_ics.o
                0x00000200                mtr_set_com_variables
 .text.mtr_ics_variables_init
                0x000004c4      0x1d4 ./src/application/user_interface/ics/r_mtr_ics.o
                0x000004c4                mtr_ics_variables_init
 .text.mtr_ics_interrupt_process
                0x00000698      0x268 ./src/application/user_interface/ics/r_mtr_ics.o
                0x00000698                mtr_ics_interrupt_process
 .text.rm_motor_speed_cyclic_tuner
                0x00000900       0x38 ./src/application/tuner/rm_motor_speed/rm_motor_speed_tuner.o
                0x00000900                rm_motor_speed_cyclic_tuner
 .text.rm_motor_driver_pin_cfg
                0x00000938       0x6c ./src/application/tuner/rm_motor_driver/rm_motor_driver_tuner.o
 .text.rm_motor_driver_cyclic_tuner
                0x000009a4      0x164 ./src/application/tuner/rm_motor_driver/rm_motor_driver_tuner.o
                0x000009a4                rm_motor_driver_cyclic_tuner
 .text.rmw_act_start
                0x00000b08       0x94 ./src/application/tuner/r_aid_tuner_gui.o
 .text.R_TUNER_InitGUI
                0x00000b9c      0x624 ./src/application/tuner/r_aid_tuner_gui.o
                0x00000b9c                R_TUNER_InitGUI
 .text.R_TUNER_MainLoop
                0x000011c0      0x1e4 ./src/application/tuner/r_aid_tuner_gui.o
                0x000011c0                R_TUNER_MainLoop
 .text.R_TUNER_IsRunning
                0x000013a4        0xc ./src/application/tuner/r_aid_tuner_gui.o
                0x000013a4                R_TUNER_IsRunning
 .text.R_TUNER_SetTuneResult
                0x000013b0        0xc ./src/application/tuner/r_aid_tuner_gui.o
                0x000013b0                R_TUNER_SetTuneResult
 .text.R_TUNER_GetFlugReset
                0x000013bc        0xc ./src/application/tuner/r_aid_tuner_gui.o
                0x000013bc                R_TUNER_GetFlugReset
 .text.R_TUNER_SetFlugReset
                0x000013c8        0xc ./src/application/tuner/r_aid_tuner_gui.o
                0x000013c8                R_TUNER_SetFlugReset
 .text.aid_mtr_inv_set_uvw
                0x000013d4       0x74 ./src/application/tuner/r_aid_tuner_gui_user.o
                0x000013d4                aid_mtr_inv_set_uvw
 .text.aid_mtr_get_current_iuiw
                0x00001448       0x10 ./src/application/tuner/r_aid_tuner_gui_user.o
                0x00001448                aid_mtr_get_current_iuiw
 .text.aid_mtr_get_vdc
                0x00001458        0xc ./src/application/tuner/r_aid_tuner_gui_user.o
                0x00001458                aid_mtr_get_vdc
 .text.aid_mtr_clear_oc_flag
                0x00001464        0xc ./src/application/tuner/r_aid_tuner_gui_user.o
                0x00001464                aid_mtr_clear_oc_flag
 .text.aid_mtr_ctrl_start
                0x00001470       0x10 ./src/application/tuner/r_aid_tuner_gui_user.o
                0x00001470                aid_mtr_ctrl_start
 .text.aid_mtr_ctrl_stop
                0x00001480       0x10 ./src/application/tuner/r_aid_tuner_gui_user.o
                0x00001480                aid_mtr_ctrl_stop
 .text.rmw_apply_identified_params
                0x00001490      0x12c ./src/application/tuner/r_aid_tuner_gui_user.o
                0x00001490                rmw_apply_identified_params
 .text.rmw_apply_reset
                0x000015bc       0x10 ./src/application/tuner/r_aid_tuner_gui_user.o
                0x000015bc                rmw_apply_reset
 .text.mtr_ics_1_parameter
                0x000015cc      0x140 ./src/application/tuner/r_aid_tuner_gui_user.o
                0x000015cc                mtr_ics_1_parameter
 .text.aid_mtr_ics_interrupt
                0x0000170c       0x24 ./src/application/tuner/r_aid_tuner_gui_user.o
                0x0000170c                aid_mtr_ics_interrupt
 .text.mtr_board_led_control
                0x00001730       0x54 ./src/application/main/mtr_main.o
 .text.mtr_init
                0x00001784      0x318 ./src/application/main/mtr_main.o
                0x00001784                mtr_init
 .text.mtr_main
                0x00001a9c      0x4f4 ./src/application/main/mtr_main.o
                0x00001a9c                mtr_main
 .text.g_poe_overcurrent
                0x00001f90       0x40 ./src/application/main/mtr_main.o
                0x00001f90                g_poe_overcurrent
 .text.mtr_callback_encoder
                0x00001fd0       0x60 ./src/application/main/mtr_main.o
                0x00001fd0                mtr_callback_encoder
 .text.hal_entry
                0x00002030       0x18 ./src/hal_entry.o
                0x00002030                hal_entry
 .text.R_BSP_WarmStart
                0x00002048       0x18 ./src/hal_entry.o
                0x00002048                R_BSP_WarmStart
 .text.startup.main
                0x00002060        0xc ./ra_gen/main.o
                0x00002060                main
 .text.RM_MOTOR_SPEED_Run
                0x0000206c        0xc ./ra/fsp/src/rm_motor_speed/rm_motor_speed.o
                0x0000206c                RM_MOTOR_SPEED_Run
 .text.RM_MOTOR_SPEED_SpeedReferenceSet
                0x00002078       0x14 ./ra/fsp/src/rm_motor_speed/rm_motor_speed.o
                0x00002078                RM_MOTOR_SPEED_SpeedReferenceSet
 .text.RM_MOTOR_SPEED_PositionReferenceSet
                0x0000208c       0x20 ./ra/fsp/src/rm_motor_speed/rm_motor_speed.o
                0x0000208c                RM_MOTOR_SPEED_PositionReferenceSet
 .text.RM_MOTOR_SPEED_ParameterSet
                0x000020ac       0x3c ./ra/fsp/src/rm_motor_speed/rm_motor_speed.o
                0x000020ac                RM_MOTOR_SPEED_ParameterSet
 .text.RM_MOTOR_SPEED_ParameterGet
                0x000020e8       0x38 ./ra/fsp/src/rm_motor_speed/rm_motor_speed.o
                0x000020e8                RM_MOTOR_SPEED_ParameterGet
 .text.RM_MOTOR_SPEED_Open
                0x00002120      0x1c0 ./ra/fsp/src/rm_motor_speed/rm_motor_speed.o
                0x00002120                RM_MOTOR_SPEED_Open
 .text.RM_MOTOR_SPEED_ParameterUpdate
                0x000022e0      0x158 ./ra/fsp/src/rm_motor_speed/rm_motor_speed.o
                0x000022e0                RM_MOTOR_SPEED_ParameterUpdate
 .text.RM_MOTOR_SPEED_Close
                0x00002438       0x50 ./ra/fsp/src/rm_motor_speed/rm_motor_speed.o
                0x00002438                RM_MOTOR_SPEED_Close
 .text.RM_MOTOR_SPEED_Reset
                0x00002488       0x8c ./ra/fsp/src/rm_motor_speed/rm_motor_speed.o
                0x00002488                RM_MOTOR_SPEED_Reset
 .text.rm_motor_speed_set_iq_ref_encoder
                0x00002514       0xf4 ./ra/fsp/src/rm_motor_speed/rm_motor_speed.o
 .text.RM_MOTOR_SPEED_SpeedControl
                0x00002608      0x570 ./ra/fsp/src/rm_motor_speed/rm_motor_speed.o
                0x00002608                RM_MOTOR_SPEED_SpeedControl
 .text.rm_motor_speed_cyclic
                0x00002b78       0x60 ./ra/fsp/src/rm_motor_speed/rm_motor_speed.o
                0x00002b78                rm_motor_speed_cyclic
 .text.RM_MOTOR_SENSE_ENCODER_InfoGet
                0x00002bd8       0x18 ./ra/fsp/src/rm_motor_sense_encoder/rm_motor_sense_encoder.o
                0x00002bd8                RM_MOTOR_SENSE_ENCODER_InfoGet
 .text.RM_MOTOR_SENSE_ENCODER_CurrentSet
                0x00002bf0        0x4 ./ra/fsp/src/rm_motor_sense_encoder/rm_motor_sense_encoder.o
                0x00002bf0                RM_MOTOR_SENSE_ENCODER_CurrentSet
 .text.RM_MOTOR_SENSE_ENCODER_SpeedSet
                0x00002bf4        0x4 ./ra/fsp/src/rm_motor_sense_encoder/rm_motor_sense_encoder.o
                0x00002bf4                RM_MOTOR_SENSE_ENCODER_SpeedSet
 .text.RM_MOTOR_SENSE_ENCODER_FlagPiCtrlSet
                0x00002bf8        0x4 ./ra/fsp/src/rm_motor_sense_encoder/rm_motor_sense_encoder.o
                0x00002bf8                RM_MOTOR_SENSE_ENCODER_FlagPiCtrlSet
 .text.RM_MOTOR_SENSE_ENCODER_SensorDataSet
                0x00002bfc        0x4 ./ra/fsp/src/rm_motor_sense_encoder/rm_motor_sense_encoder.o
                0x00002bfc                RM_MOTOR_SENSE_ENCODER_SensorDataSet
 .text.rm_motor_sense_encoder_highspeed_init
                0x00002c00       0xac ./ra/fsp/src/rm_motor_sense_encoder/rm_motor_sense_encoder.o
 .text.rm_motor_sense_encoder_reset_count
                0x00002cac       0x30 ./ra/fsp/src/rm_motor_sense_encoder/rm_motor_sense_encoder.o
 .text.RM_MOTOR_SENSE_ENCODER_EncoderCyclic
                0x00002cdc       0x20 ./ra/fsp/src/rm_motor_sense_encoder/rm_motor_sense_encoder.o
                0x00002cdc                RM_MOTOR_SENSE_ENCODER_EncoderCyclic
 .text.RM_MOTOR_SENSE_ENCODER_AngleAdjust
                0x00002cfc       0x54 ./ra/fsp/src/rm_motor_sense_encoder/rm_motor_sense_encoder.o
                0x00002cfc                RM_MOTOR_SENSE_ENCODER_AngleAdjust
 .text.RM_MOTOR_SENSE_ENCODER_InternalCalculate
                0x00002d50       0xe4 ./ra/fsp/src/rm_motor_sense_encoder/rm_motor_sense_encoder.o
                0x00002d50                RM_MOTOR_SENSE_ENCODER_InternalCalculate
 *fill*         0x00002e34        0x4 ff
 .text.RM_MOTOR_SENSE_ENCODER_AngleSpeedGet
                0x00002e38      0x1ec ./ra/fsp/src/rm_motor_sense_encoder/rm_motor_sense_encoder.o
                0x00002e38                RM_MOTOR_SENSE_ENCODER_AngleSpeedGet
 .text.RM_MOTOR_SENSE_ENCODER_EstimatedComponentGet
                0x00003024        0x4 ./ra/fsp/src/rm_motor_sense_encoder/rm_motor_sense_encoder.o
                0x00003024                RM_MOTOR_SENSE_ENCODER_EstimatedComponentGet
 .text.RM_MOTOR_SENSE_ENCODER_Open
                0x00003028       0xc4 ./ra/fsp/src/rm_motor_sense_encoder/rm_motor_sense_encoder.o
                0x00003028                RM_MOTOR_SENSE_ENCODER_Open
 .text.RM_MOTOR_SENSE_ENCODER_CyclicProcess
                0x000030ec       0x20 ./ra/fsp/src/rm_motor_sense_encoder/rm_motor_sense_encoder.o
                0x000030ec                RM_MOTOR_SENSE_ENCODER_CyclicProcess
 .text.RM_MOTOR_SENSE_ENCODER_ParameterUpdate
                0x0000310c       0x78 ./ra/fsp/src/rm_motor_sense_encoder/rm_motor_sense_encoder.o
                0x0000310c                RM_MOTOR_SENSE_ENCODER_ParameterUpdate
 .text.RM_MOTOR_SENSE_ENCODER_Close
                0x00003184       0x6c ./ra/fsp/src/rm_motor_sense_encoder/rm_motor_sense_encoder.o
                0x00003184                RM_MOTOR_SENSE_ENCODER_Close
 .text.RM_MOTOR_SENSE_ENCODER_Reset
                0x000031f0       0xb0 ./ra/fsp/src/rm_motor_sense_encoder/rm_motor_sense_encoder.o
                0x000031f0                RM_MOTOR_SENSE_ENCODER_Reset
 .text.rm_motor_sense_encoder_interrupt
                0x000032a0      0x18c ./ra/fsp/src/rm_motor_sense_encoder/rm_motor_sense_encoder.o
                0x000032a0                rm_motor_sense_encoder_interrupt
 .text.RM_MOTOR_POSITION_PositionGet
                0x0000342c       0x20 ./ra/fsp/src/rm_motor_position/rm_motor_position.o
                0x0000342c                RM_MOTOR_POSITION_PositionGet
 .text.RM_MOTOR_POSITION_PositionSet
                0x0000344c        0xc ./ra/fsp/src/rm_motor_position/rm_motor_position.o
                0x0000344c                RM_MOTOR_POSITION_PositionSet
 .text.RM_MOTOR_POSITION_PositionReferenceSet
                0x00003458       0x50 ./ra/fsp/src/rm_motor_position/rm_motor_position.o
                0x00003458                RM_MOTOR_POSITION_PositionReferenceSet
 .text.RM_MOTOR_POSITION_ControlModeSet
                0x000034a8        0x8 ./ra/fsp/src/rm_motor_position/rm_motor_position.o
                0x000034a8                RM_MOTOR_POSITION_ControlModeSet
 .text.RM_MOTOR_POSITION_SpeedReferencePControlGet
                0x000034b0       0x68 ./ra/fsp/src/rm_motor_position/rm_motor_position.o
                0x000034b0                RM_MOTOR_POSITION_SpeedReferencePControlGet
 .text.RM_MOTOR_POSITION_InfoGet
                0x00003518       0x28 ./ra/fsp/src/rm_motor_position/rm_motor_position.o
                0x00003518                RM_MOTOR_POSITION_InfoGet
 .text.RM_MOTOR_POSITION_SpeedReferenceFeedforwardGet
                0x00003540       0xf8 ./ra/fsp/src/rm_motor_position/rm_motor_position.o
                0x00003540                RM_MOTOR_POSITION_SpeedReferenceFeedforwardGet
 .text.RM_MOTOR_POSITION_Open
                0x00003638       0xc0 ./ra/fsp/src/rm_motor_position/rm_motor_position.o
                0x00003638                RM_MOTOR_POSITION_Open
 .text.RM_MOTOR_POSITION_Close
                0x000036f8       0x38 ./ra/fsp/src/rm_motor_position/rm_motor_position.o
                0x000036f8                RM_MOTOR_POSITION_Close
 .text.RM_MOTOR_POSITION_Reset
                0x00003730       0x38 ./ra/fsp/src/rm_motor_position/rm_motor_position.o
                0x00003730                RM_MOTOR_POSITION_Reset
 .text.RM_MOTOR_POSITION_IpdSpeedPControl
                0x00003768       0x14 ./ra/fsp/src/rm_motor_position/rm_motor_position.o
                0x00003768                RM_MOTOR_POSITION_IpdSpeedPControl
 .text.RM_MOTOR_POSITION_SpeedReferenceIpdControlGet
                0x0000377c       0x78 ./ra/fsp/src/rm_motor_position/rm_motor_position.o
                0x0000377c                RM_MOTOR_POSITION_SpeedReferenceIpdControlGet
 .text.RM_MOTOR_POSITION_PositionControl
                0x000037f4      0x2c4 ./ra/fsp/src/rm_motor_position/rm_motor_position.o
                0x000037f4                RM_MOTOR_POSITION_PositionControl
 .text.RM_MOTOR_POSITION_ParameterUpdate
                0x00003ab8       0xac ./ra/fsp/src/rm_motor_position/rm_motor_position.o
                0x00003ab8                RM_MOTOR_POSITION_ParameterUpdate
 .text.RM_MOTOR_ENCODER_Open
                0x00003b64       0x80 ./ra/fsp/src/rm_motor_encoder/rm_motor_encoder.o
                0x00003b64                RM_MOTOR_ENCODER_Open
 .text.RM_MOTOR_ENCODER_Close
                0x00003be4       0x6c ./ra/fsp/src/rm_motor_encoder/rm_motor_encoder.o
                0x00003be4                RM_MOTOR_ENCODER_Close
 .text.RM_MOTOR_ENCODER_SpeedSet
                0x00003c50       0x10 ./ra/fsp/src/rm_motor_encoder/rm_motor_encoder.o
                0x00003c50                RM_MOTOR_ENCODER_SpeedSet
 .text.RM_MOTOR_ENCODER_StatusGet
                0x00003c60        0xc ./ra/fsp/src/rm_motor_encoder/rm_motor_encoder.o
                0x00003c60                RM_MOTOR_ENCODER_StatusGet
 .text.RM_MOTOR_ENCODER_AngleGet
                0x00003c6c       0x24 ./ra/fsp/src/rm_motor_encoder/rm_motor_encoder.o
                0x00003c6c                RM_MOTOR_ENCODER_AngleGet
 .text.RM_MOTOR_ENCODER_SpeedGet
                0x00003c90       0x24 ./ra/fsp/src/rm_motor_encoder/rm_motor_encoder.o
                0x00003c90                RM_MOTOR_ENCODER_SpeedGet
 .text.RM_MOTOR_ENCODER_WaitStopFlagGet
                0x00003cb4        0x4 ./ra/fsp/src/rm_motor_encoder/rm_motor_encoder.o
                0x00003cb4                RM_MOTOR_ENCODER_WaitStopFlagGet
 .text.rm_motor_encoder_active
                0x00003cb8       0x30 ./ra/fsp/src/rm_motor_encoder/rm_motor_encoder.o
 .text.rm_motor_encoder_inactive
                0x00003ce8       0x30 ./ra/fsp/src/rm_motor_encoder/rm_motor_encoder.o
 .text.rm_motor_encoder_nowork
                0x00003d18        0x4 ./ra/fsp/src/rm_motor_encoder/rm_motor_encoder.o
 .text.rm_motor_encoder_reset
                0x00003d1c       0x24 ./ra/fsp/src/rm_motor_encoder/rm_motor_encoder.o
 .text.RM_MOTOR_ENCODER_PositionSet
                0x00003d40       0x18 ./ra/fsp/src/rm_motor_encoder/rm_motor_encoder.o
                0x00003d40                RM_MOTOR_ENCODER_PositionSet
 .text.RM_MOTOR_ENCODER_ErrorCheck
                0x00003d58      0x160 ./ra/fsp/src/rm_motor_encoder/rm_motor_encoder.o
                0x00003d58                RM_MOTOR_ENCODER_ErrorCheck
 .text.RM_MOTOR_ENCODER_ErrorSet
                0x00003eb8       0x48 ./ra/fsp/src/rm_motor_encoder/rm_motor_encoder.o
                0x00003eb8                RM_MOTOR_ENCODER_ErrorSet
 .text.RM_MOTOR_ENCODER_FunctionSelect
                0x00003f00       0x60 ./ra/fsp/src/rm_motor_encoder/rm_motor_encoder.o
                0x00003f00                RM_MOTOR_ENCODER_FunctionSelect
 .text.rm_motor_encoder_error
                0x00003f60       0x38 ./ra/fsp/src/rm_motor_encoder/rm_motor_encoder.o
 .text.RM_MOTOR_ENCODER_Stop
                0x00003f98       0x3c ./ra/fsp/src/rm_motor_encoder/rm_motor_encoder.o
                0x00003f98                RM_MOTOR_ENCODER_Stop
 .text.RM_MOTOR_ENCODER_Run
                0x00003fd4       0x44 ./ra/fsp/src/rm_motor_encoder/rm_motor_encoder.o
                0x00003fd4                RM_MOTOR_ENCODER_Run
 .text.RM_MOTOR_ENCODER_Reset
                0x00004018       0x70 ./ra/fsp/src/rm_motor_encoder/rm_motor_encoder.o
                0x00004018                RM_MOTOR_ENCODER_Reset
 .text.rm_motor_encoder_current_callback
                0x00004088       0xf0 ./ra/fsp/src/rm_motor_encoder/rm_motor_encoder.o
                0x00004088                rm_motor_encoder_current_callback
 .text.rm_motor_encoder_speed_callback
                0x00004178      0x16c ./ra/fsp/src/rm_motor_encoder/rm_motor_encoder.o
                0x00004178                rm_motor_encoder_speed_callback
 .text.RM_MOTOR_DRIVER_PhaseVoltageSet
                0x000042e4       0x14 ./ra/fsp/src/rm_motor_driver/rm_motor_driver.o
                0x000042e4                RM_MOTOR_DRIVER_PhaseVoltageSet
 .text.RM_MOTOR_DRIVER_CurrentGet
                0x000042f8       0xac ./ra/fsp/src/rm_motor_driver/rm_motor_driver.o
                0x000042f8                RM_MOTOR_DRIVER_CurrentGet
 .text.RM_MOTOR_DRIVER_CurrentOffsetRestart
                0x000043a4       0x18 ./ra/fsp/src/rm_motor_driver/rm_motor_driver.o
                0x000043a4                RM_MOTOR_DRIVER_CurrentOffsetRestart
 .text.rm_motor_driver_pin_cfg
                0x000043bc       0x6c ./ra/fsp/src/rm_motor_driver/rm_motor_driver.o
 .text.rm_motor_driver_output_disable
                0x00004428       0x74 ./ra/fsp/src/rm_motor_driver/rm_motor_driver.o
 .text.rm_motor_driver_mod_run
                0x0000449c      0x128 ./ra/fsp/src/rm_motor_driver/rm_motor_driver.o
 .text.rm_motor_driver_1shunt_modulation
                0x000045c4      0x224 ./ra/fsp/src/rm_motor_driver/rm_motor_driver.o
 .text.rm_motor_driver_1shunt_cyclic
                0x000047e8      0x290 ./ra/fsp/src/rm_motor_driver/rm_motor_driver.o
                0x000047e8                rm_motor_driver_1shunt_cyclic
 .text.rm_motor_driver_set_uvw_duty.isra.0
                0x00004a78       0x88 ./ra/fsp/src/rm_motor_driver/rm_motor_driver.o
 .text.RM_MOTOR_DRIVER_FlagCurrentOffsetGet
                0x00004b00      0x18c ./ra/fsp/src/rm_motor_driver/rm_motor_driver.o
                0x00004b00                RM_MOTOR_DRIVER_FlagCurrentOffsetGet
 .text.RM_MOTOR_DRIVER_Open
                0x00004c8c      0x224 ./ra/fsp/src/rm_motor_driver/rm_motor_driver.o
                0x00004c8c                RM_MOTOR_DRIVER_Open
 .text.rm_motor_driver_cyclic
                0x00004eb0      0x1c4 ./ra/fsp/src/rm_motor_driver/rm_motor_driver.o
                0x00004eb0                rm_motor_driver_cyclic
 .text.RM_MOTOR_DRIVER_ParameterUpdate
                0x00005074       0xbc ./ra/fsp/src/rm_motor_driver/rm_motor_driver.o
                0x00005074                RM_MOTOR_DRIVER_ParameterUpdate
 .text.RM_MOTOR_DRIVER_Reset
                0x00005130       0x64 ./ra/fsp/src/rm_motor_driver/rm_motor_driver.o
                0x00005130                RM_MOTOR_DRIVER_Reset
 .text.RM_MOTOR_DRIVER_Close
                0x00005194       0x7c ./ra/fsp/src/rm_motor_driver/rm_motor_driver.o
                0x00005194                RM_MOTOR_DRIVER_Close
 .text.RM_MOTOR_CURRENT_Run
                0x00005210        0xc ./ra/fsp/src/rm_motor_current/rm_motor_current.o
                0x00005210                RM_MOTOR_CURRENT_Run
 .text.RM_MOTOR_CURRENT_ParameterSet
                0x0000521c       0x20 ./ra/fsp/src/rm_motor_current/rm_motor_current.o
                0x0000521c                RM_MOTOR_CURRENT_ParameterSet
 .text.RM_MOTOR_CURRENT_CurrentReferenceSet
                0x0000523c       0x10 ./ra/fsp/src/rm_motor_current/rm_motor_current.o
                0x0000523c                RM_MOTOR_CURRENT_CurrentReferenceSet
 .text.RM_MOTOR_CURRENT_SpeedPhaseSet
                0x0000524c       0x10 ./ra/fsp/src/rm_motor_current/rm_motor_current.o
                0x0000524c                RM_MOTOR_CURRENT_SpeedPhaseSet
 .text.RM_MOTOR_CURRENT_CurrentSet
                0x0000525c       0x28 ./ra/fsp/src/rm_motor_current/rm_motor_current.o
                0x0000525c                RM_MOTOR_CURRENT_CurrentSet
 .text.RM_MOTOR_CURRENT_ParameterGet
                0x00005284       0xd0 ./ra/fsp/src/rm_motor_current/rm_motor_current.o
                0x00005284                RM_MOTOR_CURRENT_ParameterGet
 .text.RM_MOTOR_CURRENT_CurrentGet
                0x00005354       0x80 ./ra/fsp/src/rm_motor_current/rm_motor_current.o
                0x00005354                RM_MOTOR_CURRENT_CurrentGet
 .text.motor_current_transform_dq_uvw_abs
                0x000053d4       0x90 ./ra/fsp/src/rm_motor_current/rm_motor_current.o
 .text.RM_MOTOR_CURRENT_Open
                0x00005464       0xf0 ./ra/fsp/src/rm_motor_current/rm_motor_current.o
                0x00005464                RM_MOTOR_CURRENT_Open
 .text.RM_MOTOR_CURRENT_ParameterUpdate
                0x00005554       0x40 ./ra/fsp/src/rm_motor_current/rm_motor_current.o
                0x00005554                RM_MOTOR_CURRENT_ParameterUpdate
 .text.RM_MOTOR_CURRENT_Reset
                0x00005594       0x5c ./ra/fsp/src/rm_motor_current/rm_motor_current.o
                0x00005594                RM_MOTOR_CURRENT_Reset
 .text.RM_MOTOR_CURRENT_Close
                0x000055f0       0x58 ./ra/fsp/src/rm_motor_current/rm_motor_current.o
                0x000055f0                RM_MOTOR_CURRENT_Close
 .text.RM_MOTOR_CURRENT_PhaseVoltageGet
                0x00005648      0x240 ./ra/fsp/src/rm_motor_current/rm_motor_current.o
                0x00005648                RM_MOTOR_CURRENT_PhaseVoltageGet
 .text.rm_motor_current_encoder_cyclic
                0x00005888       0x10 ./ra/fsp/src/rm_motor_current/rm_motor_current.o
                0x00005888                rm_motor_current_encoder_cyclic
 .text.rm_motor_current_encoder_angle_adjust
                0x00005898       0x18 ./ra/fsp/src/rm_motor_current/rm_motor_current.o
                0x00005898                rm_motor_current_encoder_angle_adjust
 .text.rm_motor_current_cyclic
                0x000058b0      0x24c ./ra/fsp/src/rm_motor_current/rm_motor_current.o
                0x000058b0                rm_motor_current_cyclic
 .text.R_POEG_Open
                0x00005afc       0xc8 ./ra/fsp/src/r_poeg/r_poeg.o
                0x00005afc                R_POEG_Open
 .text.R_POEG_OutputDisable
                0x00005bc4       0x10 ./ra/fsp/src/r_poeg/r_poeg.o
                0x00005bc4                R_POEG_OutputDisable
 .text.R_POEG_Reset
                0x00005bd4       0x14 ./ra/fsp/src/r_poeg/r_poeg.o
                0x00005bd4                R_POEG_Reset
 .text.R_POEG_StatusGet
                0x00005be8       0x14 ./ra/fsp/src/r_poeg/r_poeg.o
                0x00005be8                R_POEG_StatusGet
 .text.R_POEG_CallbackSet
                0x00005bfc       0x10 ./ra/fsp/src/r_poeg/r_poeg.o
                0x00005bfc                R_POEG_CallbackSet
 .text.R_POEG_Close
                0x00005c0c       0x54 ./ra/fsp/src/r_poeg/r_poeg.o
                0x00005c0c                R_POEG_Close
 .text.poeg_event_isr
                0x00005c60       0x54 ./ra/fsp/src/r_poeg/r_poeg.o
                0x00005c60                poeg_event_isr
 .text.R_IOPORT_Close
                0x00005cb4        0xc ./ra/fsp/src/r_ioport/r_ioport.o
                0x00005cb4                R_IOPORT_Close
 .text.R_IOPORT_PinRead
                0x00005cc0       0x24 ./ra/fsp/src/r_ioport/r_ioport.o
                0x00005cc0                R_IOPORT_PinRead
 .text.R_IOPORT_PortRead
                0x00005ce4       0x14 ./ra/fsp/src/r_ioport/r_ioport.o
                0x00005ce4                R_IOPORT_PortRead
 .text.R_IOPORT_PortWrite
                0x00005cf8       0x1c ./ra/fsp/src/r_ioport/r_ioport.o
                0x00005cf8                R_IOPORT_PortWrite
 .text.R_IOPORT_PinWrite
                0x00005d14       0x20 ./ra/fsp/src/r_ioport/r_ioport.o
                0x00005d14                R_IOPORT_PinWrite
 .text.R_IOPORT_PortDirectionSet
                0x00005d34       0x2c ./ra/fsp/src/r_ioport/r_ioport.o
                0x00005d34                R_IOPORT_PortDirectionSet
 .text.R_IOPORT_PortEventInputRead
                0x00005d60       0x18 ./ra/fsp/src/r_ioport/r_ioport.o
                0x00005d60                R_IOPORT_PortEventInputRead
 .text.R_IOPORT_PinEventInputRead
                0x00005d78       0x38 ./ra/fsp/src/r_ioport/r_ioport.o
                0x00005d78                R_IOPORT_PinEventInputRead
 .text.R_IOPORT_PortEventOutputWrite
                0x00005db0       0x1c ./ra/fsp/src/r_ioport/r_ioport.o
                0x00005db0                R_IOPORT_PortEventOutputWrite
 .text.R_IOPORT_PinEventOutputWrite
                0x00005dcc       0x2c ./ra/fsp/src/r_ioport/r_ioport.o
                0x00005dcc                R_IOPORT_PinEventOutputWrite
 .text.bsp_vbatt_init
                0x00005df8       0xa4 ./ra/fsp/src/r_ioport/r_ioport.o
 .text.r_ioport_pins_config
                0x00005e9c       0xc0 ./ra/fsp/src/r_ioport/r_ioport.o
 .text.R_IOPORT_Open
                0x00005f5c       0x14 ./ra/fsp/src/r_ioport/r_ioport.o
                0x00005f5c                R_IOPORT_Open
 .text.R_IOPORT_PinsCfg
                0x00005f70        0xc ./ra/fsp/src/r_ioport/r_ioport.o
                0x00005f70                R_IOPORT_PinsCfg
 .text.R_IOPORT_PinCfg
                0x00005f7c       0xa8 ./ra/fsp/src/r_ioport/r_ioport.o
                0x00005f7c                R_IOPORT_PinCfg
 .text.R_GPT_THREE_PHASE_Stop
                0x00006024        0xc ./ra/fsp/src/r_gpt_three_phase/r_gpt_three_phase.o
                0x00006024                R_GPT_THREE_PHASE_Stop
 .text.R_GPT_THREE_PHASE_Start
                0x00006030        0xc ./ra/fsp/src/r_gpt_three_phase/r_gpt_three_phase.o
                0x00006030                R_GPT_THREE_PHASE_Start
 .text.R_GPT_THREE_PHASE_Reset
                0x0000603c        0xc ./ra/fsp/src/r_gpt_three_phase/r_gpt_three_phase.o
                0x0000603c                R_GPT_THREE_PHASE_Reset
 .text.R_GPT_THREE_PHASE_DutyCycleSet
                0x00006048       0x3c ./ra/fsp/src/r_gpt_three_phase/r_gpt_three_phase.o
                0x00006048                R_GPT_THREE_PHASE_DutyCycleSet
 .text.R_GPT_THREE_PHASE_Open
                0x00006084       0x50 ./ra/fsp/src/r_gpt_three_phase/r_gpt_three_phase.o
                0x00006084                R_GPT_THREE_PHASE_Open
 .text.R_GPT_THREE_PHASE_CallbackSet
                0x000060d4       0x14 ./ra/fsp/src/r_gpt_three_phase/r_gpt_three_phase.o
                0x000060d4                R_GPT_THREE_PHASE_CallbackSet
 .text.R_GPT_THREE_PHASE_Close
                0x000060e8       0x28 ./ra/fsp/src/r_gpt_three_phase/r_gpt_three_phase.o
                0x000060e8                R_GPT_THREE_PHASE_Close
 .text.R_GPT_Stop
                0x00006110        0xc ./ra/fsp/src/r_gpt/r_gpt.o
                0x00006110                R_GPT_Stop
 .text.R_GPT_Start
                0x0000611c        0xc ./ra/fsp/src/r_gpt/r_gpt.o
                0x0000611c                R_GPT_Start
 .text.R_GPT_Reset
                0x00006128        0xc ./ra/fsp/src/r_gpt/r_gpt.o
                0x00006128                R_GPT_Reset
 .text.R_GPT_Enable
                0x00006134       0x30 ./ra/fsp/src/r_gpt/r_gpt.o
                0x00006134                R_GPT_Enable
 .text.R_GPT_Disable
                0x00006164       0x18 ./ra/fsp/src/r_gpt/r_gpt.o
                0x00006164                R_GPT_Disable
 .text.R_GPT_PeriodSet
                0x0000617c       0x3c ./ra/fsp/src/r_gpt/r_gpt.o
                0x0000617c                R_GPT_PeriodSet
 .text.R_GPT_CompareMatchSet
                0x000061b8       0x14 ./ra/fsp/src/r_gpt/r_gpt.o
                0x000061b8                R_GPT_CompareMatchSet
 .text.R_GPT_StatusGet
                0x000061cc       0x14 ./ra/fsp/src/r_gpt/r_gpt.o
                0x000061cc                R_GPT_StatusGet
 .text.R_GPT_CallbackSet
                0x000061e0       0x10 ./ra/fsp/src/r_gpt/r_gpt.o
                0x000061e0                R_GPT_CallbackSet
 .text.r_gpt_call_callback
                0x000061f0       0x3c ./ra/fsp/src/r_gpt/r_gpt.o
 .text.r_gpt_ccmp_common_isr
                0x0000622c       0xcc ./ra/fsp/src/r_gpt/r_gpt.o
 .text.R_GPT_InfoGet
                0x000062f8       0x48 ./ra/fsp/src/r_gpt/r_gpt.o
                0x000062f8                R_GPT_InfoGet
 .text.gpt_calculate_duty_cycle.isra.0
                0x00006340       0x78 ./ra/fsp/src/r_gpt/r_gpt.o
 .text.R_GPT_DutyCycleSet
                0x000063b8       0xc0 ./ra/fsp/src/r_gpt/r_gpt.o
                0x000063b8                R_GPT_DutyCycleSet
 .text.r_gpt_enable_irq
                0x00006478       0x64 ./ra/fsp/src/r_gpt/r_gpt.o
 .text.R_GPT_Open
                0x000064dc      0x2f0 ./ra/fsp/src/r_gpt/r_gpt.o
                0x000064dc                R_GPT_Open
 .text.R_GPT_Close
                0x000067cc       0xcc ./ra/fsp/src/r_gpt/r_gpt.o
                0x000067cc                R_GPT_Close
 .text.R_GPT_OutputEnable
                0x00006898       0x20 ./ra/fsp/src/r_gpt/r_gpt.o
                0x00006898                R_GPT_OutputEnable
 .text.R_GPT_OutputDisable
                0x000068b8       0x20 ./ra/fsp/src/r_gpt/r_gpt.o
                0x000068b8                R_GPT_OutputDisable
 .text.R_GPT_AdcTriggerSet
                0x000068d8       0x10 ./ra/fsp/src/r_gpt/r_gpt.o
                0x000068d8                R_GPT_AdcTriggerSet
 .text.gpt_capture_compare_a_isr
                0x000068e8        0x8 ./ra/fsp/src/r_gpt/r_gpt.o
                0x000068e8                gpt_capture_compare_a_isr
 .text.R_ELC_Open
                0x000068f0       0x58 ./ra/fsp/src/r_elc/r_elc.o
                0x000068f0                R_ELC_Open
 .text.R_ELC_Close
                0x00006948       0x14 ./ra/fsp/src/r_elc/r_elc.o
                0x00006948                R_ELC_Close
 .text.R_ELC_SoftwareEventGenerate
                0x0000695c       0x1c ./ra/fsp/src/r_elc/r_elc.o
                0x0000695c                R_ELC_SoftwareEventGenerate
 .text.R_ELC_LinkSet
                0x00006978       0x10 ./ra/fsp/src/r_elc/r_elc.o
                0x00006978                R_ELC_LinkSet
 .text.R_ELC_LinkBreak
                0x00006988       0x10 ./ra/fsp/src/r_elc/r_elc.o
                0x00006988                R_ELC_LinkBreak
 .text.R_ELC_Enable
                0x00006998       0x10 ./ra/fsp/src/r_elc/r_elc.o
                0x00006998                R_ELC_Enable
 .text.R_ELC_Disable
                0x000069a8        0xc ./ra/fsp/src/r_elc/r_elc.o
                0x000069a8                R_ELC_Disable
 .text.R_AGT_Stop
                0x000069b4       0x24 ./ra/fsp/src/r_agt/r_agt.o
                0x000069b4                R_AGT_Stop
 .text.R_AGT_Enable
                0x000069d8       0x28 ./ra/fsp/src/r_agt/r_agt.o
                0x000069d8                R_AGT_Enable
 .text.R_AGT_Disable
                0x00006a00       0x1c ./ra/fsp/src/r_agt/r_agt.o
                0x00006a00                R_AGT_Disable
 .text.R_AGT_DutyCycleSet
                0x00006a1c        0x4 ./ra/fsp/src/r_agt/r_agt.o
                0x00006a1c                R_AGT_DutyCycleSet
 .text.R_AGT_CompareMatchSet
                0x00006a20        0x4 ./ra/fsp/src/r_agt/r_agt.o
                0x00006a20                R_AGT_CompareMatchSet
 .text.R_AGT_StatusGet
                0x00006a24       0x44 ./ra/fsp/src/r_agt/r_agt.o
                0x00006a24                R_AGT_StatusGet
 .text.R_AGT_CallbackSet
                0x00006a68       0x10 ./ra/fsp/src/r_agt/r_agt.o
                0x00006a68                R_AGT_CallbackSet
 .text.R_AGT_Close
                0x00006a78       0x8c ./ra/fsp/src/r_agt/r_agt.o
                0x00006a78                R_AGT_Close
 .text.R_AGT_Start
                0x00006b04       0x70 ./ra/fsp/src/r_agt/r_agt.o
                0x00006b04                R_AGT_Start
 .text.r_agt_clock_frequency_get
                0x00006b74       0x4c ./ra/fsp/src/r_agt/r_agt.o
 .text.R_AGT_InfoGet
                0x00006bc0       0x98 ./ra/fsp/src/r_agt/r_agt.o
                0x00006bc0                R_AGT_InfoGet
 .text.R_AGT_Reset
                0x00006c58       0x3c ./ra/fsp/src/r_agt/r_agt.o
                0x00006c58                R_AGT_Reset
 .text.R_AGT_PeriodSet
                0x00006c94       0x5c ./ra/fsp/src/r_agt/r_agt.o
                0x00006c94                R_AGT_PeriodSet
 .text.R_AGT_Open
                0x00006cf0      0x198 ./ra/fsp/src/r_agt/r_agt.o
                0x00006cf0                R_AGT_Open
 .text.agt_int_isr
                0x00006e88       0x9c ./ra/fsp/src/r_agt/r_agt.o
                0x00006e88                agt_int_isr
 .text.R_ADC_CallbackSet
                0x00006f24       0x10 ./ra/fsp/src/r_adc/r_adc.o
                0x00006f24                R_ADC_CallbackSet
 .text.R_ADC_ScanStart
                0x00006f34        0xc ./ra/fsp/src/r_adc/r_adc.o
                0x00006f34                R_ADC_ScanStart
 .text.R_ADC_ScanGroupStart
                0x00006f40        0x4 ./ra/fsp/src/r_adc/r_adc.o
                0x00006f40                R_ADC_ScanGroupStart
 .text.R_ADC_ScanStop
                0x00006f44        0xc ./ra/fsp/src/r_adc/r_adc.o
                0x00006f44                R_ADC_ScanStop
 .text.R_ADC_StatusGet
                0x00006f50       0x10 ./ra/fsp/src/r_adc/r_adc.o
                0x00006f50                R_ADC_StatusGet
 .text.R_ADC_Read
                0x00006f60       0x10 ./ra/fsp/src/r_adc/r_adc.o
                0x00006f60                R_ADC_Read
 .text.R_ADC_Read32
                0x00006f70       0x1c ./ra/fsp/src/r_adc/r_adc.o
                0x00006f70                R_ADC_Read32
 .text.R_ADC_Calibrate
                0x00006f8c        0x4 ./ra/fsp/src/r_adc/r_adc.o
                0x00006f8c                R_ADC_Calibrate
 .text.R_ADC_OffsetSet
                0x00006f90        0x4 ./ra/fsp/src/r_adc/r_adc.o
                0x00006f90                R_ADC_OffsetSet
 .text.r_adc_irq_enable
                0x00006f94       0x64 ./ra/fsp/src/r_adc/r_adc.o
 .text.R_ADC_Open
                0x00006ff8      0x124 ./ra/fsp/src/r_adc/r_adc.o
                0x00006ff8                R_ADC_Open
 .text.r_adc_call_callback
                0x0000711c       0x54 ./ra/fsp/src/r_adc/r_adc.o
 .text.r_adc_scan_end_common_isr
                0x00007170       0x5c ./ra/fsp/src/r_adc/r_adc.o
 .text.R_ADC_InfoGet
                0x000071cc       0x74 ./ra/fsp/src/r_adc/r_adc.o
                0x000071cc                R_ADC_InfoGet
 .text.R_ADC_ScanCfg
                0x00007240      0x1f4 ./ra/fsp/src/r_adc/r_adc.o
                0x00007240                R_ADC_ScanCfg
 .text.R_ADC_Close
                0x00007434       0xf8 ./ra/fsp/src/r_adc/r_adc.o
                0x00007434                R_ADC_Close
 .text.adc_scan_end_isr
                0x0000752c        0x8 ./ra/fsp/src/r_adc/r_adc.o
                0x0000752c                adc_scan_end_isr
 .text.SystemCoreClockUpdate
                0x00007534       0x28 ./ra/fsp/src/bsp/mcu/all/bsp_clocks.o
                0x00007534                SystemCoreClockUpdate
 .text.bsp_clock_init
                0x0000755c       0xf8 ./ra/fsp/src/bsp/mcu/all/bsp_clocks.o
                0x0000755c                bsp_clock_init
 .text.R_BSP_Init_RTC
                0x00007654       0x10 ./ra/fsp/src/bsp/mcu/all/bsp_clocks.o
                0x00007654                R_BSP_Init_RTC
 .text.bsp_prv_software_delay_loop
                0x00007664        0xc ./ra/fsp/src/bsp/mcu/all/bsp_delay.o
                0x00007664                bsp_prv_software_delay_loop
 .text.R_BSP_SoftwareDelay
                0x00007670       0x68 ./ra/fsp/src/bsp/mcu/all/bsp_delay.o
                0x00007670                R_BSP_SoftwareDelay
 .text.NMI_Handler
                0x000076d8       0x3c ./ra/fsp/src/bsp/mcu/all/bsp_group_irq.o
                0x000076d8                NMI_Handler
 .text.bsp_irq_cfg
                0x00007714       0xa4 ./ra/fsp/src/bsp/mcu/all/bsp_irq.o
                0x00007714                bsp_irq_cfg
 .text.R_BSP_RegisterProtectEnable
                0x000077b8       0x60 ./ra/fsp/src/bsp/mcu/all/bsp_register_protection.o
                0x000077b8                R_BSP_RegisterProtectEnable
 .text.R_BSP_RegisterProtectDisable
                0x00007818       0x54 ./ra/fsp/src/bsp/mcu/all/bsp_register_protection.o
                0x00007818                R_BSP_RegisterProtectDisable
 .text.Default_Handler
                0x0000786c        0x4 ./ra/fsp/src/bsp/cmsis/Device/RENESAS/Source/startup.o
                0x0000786c                DebugMon_Handler
                0x0000786c                HardFault_Handler
                0x0000786c                SysTick_Handler
                0x0000786c                PendSV_Handler
                0x0000786c                UsageFault_Handler
                0x0000786c                SecureFault_Handler
                0x0000786c                Default_Handler
                0x0000786c                MemManage_Handler
                0x0000786c                SVC_Handler
                0x0000786c                BusFault_Handler
 .text.Reset_Handler
                0x00007870        0xc ./ra/fsp/src/bsp/cmsis/Device/RENESAS/Source/startup.o
                0x00007870                Reset_Handler
 .text.SystemInit
                0x0000787c       0xfc ./ra/fsp/src/bsp/cmsis/Device/RENESAS/Source/system.o
                0x0000787c                SystemInit
 .text.bsp_init
                0x00007978        0x4 ./ra/board/ra6t3_mck/board_init.o
                0x00007978                bsp_init
 .text.ics2_watchpoint
                0x0000797c      0x5d8 D:/Work/0-Zanotic/Renesas/Sample Code/r01an6841xx0111-ra-encoder-foc/repo/RA6T3_Setup/src/application/user_interface/ics/ICS2_RA6T3.o
                0x0000797c                ics2_watchpoint
 .text.ics2_init
                0x00007f54      0x264 D:/Work/0-Zanotic/Renesas/Sample Code/r01an6841xx0111-ra-encoder-foc/repo/RA6T3_Setup/src/application/user_interface/ics/ICS2_RA6T3.o
                0x00007f54                ics2_init
 .text.aid_motorid_sequence_post
                0x000081b8       0x44 D:/Work/0-Zanotic/Renesas/Sample Code/r01an6841xx0111-ra-encoder-foc/repo/RA6T3_Setup/src/application/identification/rmw_tuner_library.o(r_aid_auto_identify.o)
 .text.aid_get_next_paramode
                0x000081fc       0xac D:/Work/0-Zanotic/Renesas/Sample Code/r01an6841xx0111-ra-encoder-foc/repo/RA6T3_Setup/src/application/identification/rmw_tuner_library.o(r_aid_auto_identify.o)
 .text.aid_revert_to_lastest_paramode.constprop.0
                0x000082a8       0x8c D:/Work/0-Zanotic/Renesas/Sample Code/r01an6841xx0111-ra-encoder-foc/repo/RA6T3_Setup/src/application/identification/rmw_tuner_library.o(r_aid_auto_identify.o)
 .text.aid_state_machine
                0x00008334       0xec D:/Work/0-Zanotic/Renesas/Sample Code/r01an6841xx0111-ra-encoder-foc/repo/RA6T3_Setup/src/application/identification/rmw_tuner_library.o(r_aid_auto_identify.o)
 .text.aid_motorid_sequence
                0x00008420      0x3ec D:/Work/0-Zanotic/Renesas/Sample Code/r01an6841xx0111-ra-encoder-foc/repo/RA6T3_Setup/src/application/identification/rmw_tuner_library.o(r_aid_auto_identify.o)
 .text.aid_core_on_error
                0x0000880c        0xc D:/Work/0-Zanotic/Renesas/Sample Code/r01an6841xx0111-ra-encoder-foc/repo/RA6T3_Setup/src/application/identification/rmw_tuner_library.o(r_aid_auto_identify.o)
                0x0000880c                aid_core_on_error
 .text.R_AID_Init
                0x00008818       0x90 D:/Work/0-Zanotic/Renesas/Sample Code/r01an6841xx0111-ra-encoder-foc/repo/RA6T3_Setup/src/application/identification/rmw_tuner_library.o(r_aid_auto_identify.o)
                0x00008818                R_AID_Init
 .text.R_AID_CmdStart
                0x000088a8        0x8 D:/Work/0-Zanotic/Renesas/Sample Code/r01an6841xx0111-ra-encoder-foc/repo/RA6T3_Setup/src/application/identification/rmw_tuner_library.o(r_aid_auto_identify.o)
                0x000088a8                R_AID_CmdStart
 .text.R_AID_CmdStop
                0x000088b0       0x40 D:/Work/0-Zanotic/Renesas/Sample Code/r01an6841xx0111-ra-encoder-foc/repo/RA6T3_Setup/src/application/identification/rmw_tuner_library.o(r_aid_auto_identify.o)
                0x000088b0                R_AID_CmdStop
 .text.R_AID_CmdReset
                0x000088f0       0x40 D:/Work/0-Zanotic/Renesas/Sample Code/r01an6841xx0111-ra-encoder-foc/repo/RA6T3_Setup/src/application/identification/rmw_tuner_library.o(r_aid_auto_identify.o)
                0x000088f0                R_AID_CmdReset
 .text.R_AID_UserError
                0x00008930        0x8 D:/Work/0-Zanotic/Renesas/Sample Code/r01an6841xx0111-ra-encoder-foc/repo/RA6T3_Setup/src/application/identification/rmw_tuner_library.o(r_aid_auto_identify.o)
                0x00008930                R_AID_UserError
 .text.R_AID_ConfigSetVolterrLUT
                0x00008938       0x10 D:/Work/0-Zanotic/Renesas/Sample Code/r01an6841xx0111-ra-encoder-foc/repo/RA6T3_Setup/src/application/identification/rmw_tuner_library.o(r_aid_auto_identify.o)
                0x00008938                R_AID_ConfigSetVolterrLUT
 .text.R_AID_SetInitElecParams
                0x00008948       0xe4 D:/Work/0-Zanotic/Renesas/Sample Code/r01an6841xx0111-ra-encoder-foc/repo/RA6T3_Setup/src/application/identification/rmw_tuner_library.o(r_aid_auto_identify.o)
                0x00008948                R_AID_SetInitElecParams
 .text.R_AID_GetSystemStatus
                0x00008a2c        0xc D:/Work/0-Zanotic/Renesas/Sample Code/r01an6841xx0111-ra-encoder-foc/repo/RA6T3_Setup/src/application/identification/rmw_tuner_library.o(r_aid_auto_identify.o)
                0x00008a2c                R_AID_GetSystemStatus
 .text.R_AID_GetErrorStatus
                0x00008a38        0xc D:/Work/0-Zanotic/Renesas/Sample Code/r01an6841xx0111-ra-encoder-foc/repo/RA6T3_Setup/src/application/identification/rmw_tuner_library.o(r_aid_auto_identify.o)
                0x00008a38                R_AID_GetErrorStatus
 .text.R_AID_GetProgress
                0x00008a44       0x44 D:/Work/0-Zanotic/Renesas/Sample Code/r01an6841xx0111-ra-encoder-foc/repo/RA6T3_Setup/src/application/identification/rmw_tuner_library.o(r_aid_auto_identify.o)
                0x00008a44                R_AID_GetProgress
 .text.R_AID_GetResistance
                0x00008a88        0xc D:/Work/0-Zanotic/Renesas/Sample Code/r01an6841xx0111-ra-encoder-foc/repo/RA6T3_Setup/src/application/identification/rmw_tuner_library.o(r_aid_auto_identify.o)
                0x00008a88                R_AID_GetResistance
 .text.R_AID_GetLd
                0x00008a94        0xc D:/Work/0-Zanotic/Renesas/Sample Code/r01an6841xx0111-ra-encoder-foc/repo/RA6T3_Setup/src/application/identification/rmw_tuner_library.o(r_aid_auto_identify.o)
                0x00008a94                R_AID_GetLd
 .text.R_AID_GetLq
                0x00008aa0        0xc D:/Work/0-Zanotic/Renesas/Sample Code/r01an6841xx0111-ra-encoder-foc/repo/RA6T3_Setup/src/application/identification/rmw_tuner_library.o(r_aid_auto_identify.o)
                0x00008aa0                R_AID_GetLq
 .text.R_AID_GetKe
                0x00008aac        0xc D:/Work/0-Zanotic/Renesas/Sample Code/r01an6841xx0111-ra-encoder-foc/repo/RA6T3_Setup/src/application/identification/rmw_tuner_library.o(r_aid_auto_identify.o)
                0x00008aac                R_AID_GetKe
 .text.R_AID_GetInertia
                0x00008ab8        0xc D:/Work/0-Zanotic/Renesas/Sample Code/r01an6841xx0111-ra-encoder-foc/repo/RA6T3_Setup/src/application/identification/rmw_tuner_library.o(r_aid_auto_identify.o)
                0x00008ab8                R_AID_GetInertia
 .text.R_AID_GetFriction
                0x00008ac4        0xc D:/Work/0-Zanotic/Renesas/Sample Code/r01an6841xx0111-ra-encoder-foc/repo/RA6T3_Setup/src/application/identification/rmw_tuner_library.o(r_aid_auto_identify.o)
                0x00008ac4                R_AID_GetFriction
 .text.R_AID_GetVolterrLUT
                0x00008ad0       0x38 D:/Work/0-Zanotic/Renesas/Sample Code/r01an6841xx0111-ra-encoder-foc/repo/RA6T3_Setup/src/application/identification/rmw_tuner_library.o(r_aid_auto_identify.o)
                0x00008ad0                R_AID_GetVolterrLUT
 .text.R_AID_GetIDSetting
                0x00008b08       0x44 D:/Work/0-Zanotic/Renesas/Sample Code/r01an6841xx0111-ra-encoder-foc/repo/RA6T3_Setup/src/application/identification/rmw_tuner_library.o(r_aid_auto_identify.o)
                0x00008b08                R_AID_GetIDSetting
 .text.R_AID_CurrentCtrlISR
                0x00008b4c       0x60 D:/Work/0-Zanotic/Renesas/Sample Code/r01an6841xx0111-ra-encoder-foc/repo/RA6T3_Setup/src/application/identification/rmw_tuner_library.o(r_aid_auto_identify.o)
                0x00008b4c                R_AID_CurrentCtrlISR
 .text.R_AID_SpeedCtrlISR
                0x00008bac        0x4 D:/Work/0-Zanotic/Renesas/Sample Code/r01an6841xx0111-ra-encoder-foc/repo/RA6T3_Setup/src/application/identification/rmw_tuner_library.o(r_aid_auto_identify.o)
                0x00008bac                R_AID_SpeedCtrlISR
 .text.core_dummy_delegate
                0x00008bb0        0x4 D:/Work/0-Zanotic/Renesas/Sample Code/r01an6841xx0111-ra-encoder-foc/repo/RA6T3_Setup/src/application/identification/rmw_tuner_library.o(r_aid_core.o)
 .text.aid_core_clear_error
                0x00008bb4        0xc D:/Work/0-Zanotic/Renesas/Sample Code/r01an6841xx0111-ra-encoder-foc/repo/RA6T3_Setup/src/application/identification/rmw_tuner_library.o(r_aid_core.o)
                0x00008bb4                aid_core_clear_error
 .text.aid_core_stop
                0x00008bc0       0x4c D:/Work/0-Zanotic/Renesas/Sample Code/r01an6841xx0111-ra-encoder-foc/repo/RA6T3_Setup/src/application/identification/rmw_tuner_library.o(r_aid_core.o)
                0x00008bc0                aid_core_stop
 .text.aid_core_throw_error
                0x00008c0c       0x1c D:/Work/0-Zanotic/Renesas/Sample Code/r01an6841xx0111-ra-encoder-foc/repo/RA6T3_Setup/src/application/identification/rmw_tuner_library.o(r_aid_core.o)
                0x00008c0c                aid_core_throw_error
 .text.aid_core_assert_fail
                0x00008c28       0x30 D:/Work/0-Zanotic/Renesas/Sample Code/r01an6841xx0111-ra-encoder-foc/repo/RA6T3_Setup/src/application/identification/rmw_tuner_library.o(r_aid_core.o)
                0x00008c28                aid_core_assert_fail
 .text.aid_core_set_startup_params
                0x00008c58      0x108 D:/Work/0-Zanotic/Renesas/Sample Code/r01an6841xx0111-ra-encoder-foc/repo/RA6T3_Setup/src/application/identification/rmw_tuner_library.o(r_aid_core.o)
                0x00008c58                aid_core_set_startup_params
 .text.aid_core_set_speed_pi
                0x00008d60       0xa4 D:/Work/0-Zanotic/Renesas/Sample Code/r01an6841xx0111-ra-encoder-foc/repo/RA6T3_Setup/src/application/identification/rmw_tuner_library.o(r_aid_core.o)
                0x00008d60                aid_core_set_speed_pi
 .text.aid_core_set_rated_current
                0x00008e04       0xac D:/Work/0-Zanotic/Renesas/Sample Code/r01an6841xx0111-ra-encoder-foc/repo/RA6T3_Setup/src/application/identification/rmw_tuner_library.o(r_aid_core.o)
                0x00008e04                aid_core_set_rated_current
 .text.aid_core_set_volterr_table
                0x00008eb0       0xac D:/Work/0-Zanotic/Renesas/Sample Code/r01an6841xx0111-ra-encoder-foc/repo/RA6T3_Setup/src/application/identification/rmw_tuner_library.o(r_aid_core.o)
                0x00008eb0                aid_core_set_volterr_table
 .text.aid_core_config_current_pi_gains
                0x00008f5c      0x14c D:/Work/0-Zanotic/Renesas/Sample Code/r01an6841xx0111-ra-encoder-foc/repo/RA6T3_Setup/src/application/identification/rmw_tuner_library.o(r_aid_core.o)
                0x00008f5c                aid_core_config_current_pi_gains
 .text.aid_core_config_bemf_obsv
                0x000090a8      0x110 D:/Work/0-Zanotic/Renesas/Sample Code/r01an6841xx0111-ra-encoder-foc/repo/RA6T3_Setup/src/application/identification/rmw_tuner_library.o(r_aid_core.o)
                0x000090a8                aid_core_config_bemf_obsv
 .text.aid_core_spd_ctrl_handler
                0x000091b8      0x49c D:/Work/0-Zanotic/Renesas/Sample Code/r01an6841xx0111-ra-encoder-foc/repo/RA6T3_Setup/src/application/identification/rmw_tuner_library.o(r_aid_core.o)
                0x000091b8                aid_core_spd_ctrl_handler
 .text.aid_core_crnt_ctrl_handler
                0x00009654      0xc68 D:/Work/0-Zanotic/Renesas/Sample Code/r01an6841xx0111-ra-encoder-foc/repo/RA6T3_Setup/src/application/identification/rmw_tuner_library.o(r_aid_core.o)
                0x00009654                aid_core_crnt_ctrl_handler
 .text.aid_core_init
                0x0000a2bc      0x338 D:/Work/0-Zanotic/Renesas/Sample Code/r01an6841xx0111-ra-encoder-foc/repo/RA6T3_Setup/src/application/identification/rmw_tuner_library.o(r_aid_core.o)
                0x0000a2bc                aid_core_init
 .text.aid_core_set_ctrl_level
                0x0000a5f4       0x24 D:/Work/0-Zanotic/Renesas/Sample Code/r01an6841xx0111-ra-encoder-foc/repo/RA6T3_Setup/src/application/identification/rmw_tuner_library.o(r_aid_core.o)
                0x0000a5f4                aid_core_set_ctrl_level
 .text.aid_core_reset
                0x0000a618      0x468 D:/Work/0-Zanotic/Renesas/Sample Code/r01an6841xx0111-ra-encoder-foc/repo/RA6T3_Setup/src/application/identification/rmw_tuner_library.o(r_aid_core.o)
                0x0000a618                aid_core_reset
 .text.aid_core_reset_startup_seq
                0x0000aa80       0x44 D:/Work/0-Zanotic/Renesas/Sample Code/r01an6841xx0111-ra-encoder-foc/repo/RA6T3_Setup/src/application/identification/rmw_tuner_library.o(r_aid_core.o)
                0x0000aa80                aid_core_reset_startup_seq
 .text.aid_hal_pwm_enable
                0x0000aac4       0x1c D:/Work/0-Zanotic/Renesas/Sample Code/r01an6841xx0111-ra-encoder-foc/repo/RA6T3_Setup/src/application/identification/rmw_tuner_library.o(r_aid_driver_rx24t_mrssk.o)
                0x0000aac4                aid_hal_pwm_enable
 .text.aid_hal_pwm_disable
                0x0000aae0        0xc D:/Work/0-Zanotic/Renesas/Sample Code/r01an6841xx0111-ra-encoder-foc/repo/RA6T3_Setup/src/application/identification/rmw_tuner_library.o(r_aid_driver_rx24t_mrssk.o)
                0x0000aae0                aid_hal_pwm_disable
 .text.aid_hal_get_vdc
                0x0000aaec        0xc D:/Work/0-Zanotic/Renesas/Sample Code/r01an6841xx0111-ra-encoder-foc/repo/RA6T3_Setup/src/application/identification/rmw_tuner_library.o(r_aid_driver_rx24t_mrssk.o)
                0x0000aaec                aid_hal_get_vdc
 .text.aid_hal_get_inv_info
                0x0000aaf8       0x84 D:/Work/0-Zanotic/Renesas/Sample Code/r01an6841xx0111-ra-encoder-foc/repo/RA6T3_Setup/src/application/identification/rmw_tuner_library.o(r_aid_driver_rx24t_mrssk.o)
                0x0000aaf8                aid_hal_get_inv_info
 .text.aid_hal_get_current_abc
                0x0000ab7c       0x54 D:/Work/0-Zanotic/Renesas/Sample Code/r01an6841xx0111-ra-encoder-foc/repo/RA6T3_Setup/src/application/identification/rmw_tuner_library.o(r_aid_driver_rx24t_mrssk.o)
                0x0000ab7c                aid_hal_get_current_abc
 .text.aid_hal_pwm_get_duty_abc
                0x0000abd0       0xac D:/Work/0-Zanotic/Renesas/Sample Code/r01an6841xx0111-ra-encoder-foc/repo/RA6T3_Setup/src/application/identification/rmw_tuner_library.o(r_aid_driver_rx24t_mrssk.o)
                0x0000abd0                aid_hal_pwm_get_duty_abc
 .text.aid_hal_pwm_set_duty_abc
                0x0000ac7c        0xc D:/Work/0-Zanotic/Renesas/Sample Code/r01an6841xx0111-ra-encoder-foc/repo/RA6T3_Setup/src/application/identification/rmw_tuner_library.o(r_aid_driver_rx24t_mrssk.o)
                0x0000ac7c                aid_hal_pwm_set_duty_abc
 .text.R_AID_Lpff
                0x0000ac88       0x10 D:/Work/0-Zanotic/Renesas/Sample Code/r01an6841xx0111-ra-encoder-foc/repo/RA6T3_Setup/src/application/identification/rmw_tuner_library.o(r_aid_filter.o)
                0x0000ac88                R_AID_Lpff
 .text.R_AID_LimitfAbs
                0x0000ac98       0x24 D:/Work/0-Zanotic/Renesas/Sample Code/r01an6841xx0111-ra-encoder-foc/repo/RA6T3_Setup/src/application/identification/rmw_tuner_library.o(r_aid_filter.o)
                0x0000ac98                R_AID_LimitfAbs
 .text.R_AID_FirstOrderLpffInit
                0x0000acbc       0x10 D:/Work/0-Zanotic/Renesas/Sample Code/r01an6841xx0111-ra-encoder-foc/repo/RA6T3_Setup/src/application/identification/rmw_tuner_library.o(r_aid_filter.o)
                0x0000acbc                R_AID_FirstOrderLpffInit
 .text.R_AID_FirstOrderLpffReset
                0x0000accc        0x8 D:/Work/0-Zanotic/Renesas/Sample Code/r01an6841xx0111-ra-encoder-foc/repo/RA6T3_Setup/src/application/identification/rmw_tuner_library.o(r_aid_filter.o)
                0x0000accc                R_AID_FirstOrderLpffReset
 .text.R_AID_FirstOrderLpffGainCalc
                0x0000acd4       0x34 D:/Work/0-Zanotic/Renesas/Sample Code/r01an6841xx0111-ra-encoder-foc/repo/RA6T3_Setup/src/application/identification/rmw_tuner_library.o(r_aid_filter.o)
                0x0000acd4                R_AID_FirstOrderLpffGainCalc
 .text.R_AID_FirstOrderLpff
                0x0000ad08       0x30 D:/Work/0-Zanotic/Renesas/Sample Code/r01an6841xx0111-ra-encoder-foc/repo/RA6T3_Setup/src/application/identification/rmw_tuner_library.o(r_aid_filter.o)
                0x0000ad08                R_AID_FirstOrderLpff
 .text.jd_design_speed_pi
                0x0000ad38       0x74 D:/Work/0-Zanotic/Renesas/Sample Code/r01an6841xx0111-ra-encoder-foc/repo/RA6T3_Setup/src/application/identification/rmw_tuner_library.o(r_aid_jd.o)
 .text.aid_jd_act
                0x0000adac      0x74c D:/Work/0-Zanotic/Renesas/Sample Code/r01an6841xx0111-ra-encoder-foc/repo/RA6T3_Setup/src/application/identification/rmw_tuner_library.o(r_aid_jd.o)
                0x0000adac                aid_jd_act
 .text.aid_jd_reset
                0x0000b4f8       0x54 D:/Work/0-Zanotic/Renesas/Sample Code/r01an6841xx0111-ra-encoder-foc/repo/RA6T3_Setup/src/application/identification/rmw_tuner_library.o(r_aid_jd.o)
                0x0000b4f8                aid_jd_reset
 .text.aid_jd_config_inertia_range
                0x0000b54c       0x44 D:/Work/0-Zanotic/Renesas/Sample Code/r01an6841xx0111-ra-encoder-foc/repo/RA6T3_Setup/src/application/identification/rmw_tuner_library.o(r_aid_jd.o)
                0x0000b54c                aid_jd_config_inertia_range
 .text.ke_prepare_closed_loop
                0x0000b590      0x10c D:/Work/0-Zanotic/Renesas/Sample Code/r01an6841xx0111-ra-encoder-foc/repo/RA6T3_Setup/src/application/identification/rmw_tuner_library.o(r_aid_ke.o)
 .text.aid_ke_act
                0x0000b69c      0x5fc D:/Work/0-Zanotic/Renesas/Sample Code/r01an6841xx0111-ra-encoder-foc/repo/RA6T3_Setup/src/application/identification/rmw_tuner_library.o(r_aid_ke.o)
                0x0000b69c                aid_ke_act
 .text.aid_ke_reset
                0x0000bc98       0x40 D:/Work/0-Zanotic/Renesas/Sample Code/r01an6841xx0111-ra-encoder-foc/repo/RA6T3_Setup/src/application/identification/rmw_tuner_library.o(r_aid_ke.o)
                0x0000bc98                aid_ke_reset
 .text.aid_ke_config_no_stop_flag
                0x0000bcd8        0xc D:/Work/0-Zanotic/Renesas/Sample Code/r01an6841xx0111-ra-encoder-foc/repo/RA6T3_Setup/src/application/identification/rmw_tuner_library.o(r_aid_ke.o)
                0x0000bcd8                aid_ke_config_no_stop_flag
 .text.aid_rld_dft_act
                0x0000bce4      0x41c D:/Work/0-Zanotic/Renesas/Sample Code/r01an6841xx0111-ra-encoder-foc/repo/RA6T3_Setup/src/application/identification/rmw_tuner_library.o(r_aid_ldq.o)
                0x0000bce4                aid_rld_dft_act
 .text.aid_rld_rls_act
                0x0000c100      0x410 D:/Work/0-Zanotic/Renesas/Sample Code/r01an6841xx0111-ra-encoder-foc/repo/RA6T3_Setup/src/application/identification/rmw_tuner_library.o(r_aid_ldq.o)
                0x0000c100                aid_rld_rls_act
 .text.aid_lq_dft_act
                0x0000c510      0x3bc D:/Work/0-Zanotic/Renesas/Sample Code/r01an6841xx0111-ra-encoder-foc/repo/RA6T3_Setup/src/application/identification/rmw_tuner_library.o(r_aid_ldq.o)
                0x0000c510                aid_lq_dft_act
 .text.aid_lq_rls_act
                0x0000c8cc      0x328 D:/Work/0-Zanotic/Renesas/Sample Code/r01an6841xx0111-ra-encoder-foc/repo/RA6T3_Setup/src/application/identification/rmw_tuner_library.o(r_aid_ldq.o)
                0x0000c8cc                aid_lq_rls_act
 .text.aid_ldq_reset
                0x0000cbf4       0xb4 D:/Work/0-Zanotic/Renesas/Sample Code/r01an6841xx0111-ra-encoder-foc/repo/RA6T3_Setup/src/application/identification/rmw_tuner_library.o(r_aid_ldq.o)
                0x0000cbf4                aid_ldq_reset
 .text.aid_pi_ctrl
                0x0000cca8       0x40 D:/Work/0-Zanotic/Renesas/Sample Code/r01an6841xx0111-ra-encoder-foc/repo/RA6T3_Setup/src/application/identification/rmw_tuner_library.o(r_aid_pi_control.o)
                0x0000cca8                aid_pi_ctrl
 .text.aid_rdiff_act
                0x0000cce8      0x46c D:/Work/0-Zanotic/Renesas/Sample Code/r01an6841xx0111-ra-encoder-foc/repo/RA6T3_Setup/src/application/identification/rmw_tuner_library.o(r_aid_rdiff.o)
                0x0000cce8                aid_rdiff_act
 .text.aid_rdiff_reset
                0x0000d154       0x3c D:/Work/0-Zanotic/Renesas/Sample Code/r01an6841xx0111-ra-encoder-foc/repo/RA6T3_Setup/src/application/identification/rmw_tuner_library.o(r_aid_rdiff.o)
                0x0000d154                aid_rdiff_reset
 .text.aid_rotor_angle_init
                0x0000d190       0x10 D:/Work/0-Zanotic/Renesas/Sample Code/r01an6841xx0111-ra-encoder-foc/repo/RA6T3_Setup/src/application/identification/rmw_tuner_library.o(r_aid_transform.o)
                0x0000d190                aid_rotor_angle_init
 .text.aid_rotor_angle_reset
                0x0000d1a0       0x10 D:/Work/0-Zanotic/Renesas/Sample Code/r01an6841xx0111-ra-encoder-foc/repo/RA6T3_Setup/src/application/identification/rmw_tuner_library.o(r_aid_transform.o)
                0x0000d1a0                aid_rotor_angle_reset
 .text.aid_rotor_angle_update
                0x0000d1b0       0x30 D:/Work/0-Zanotic/Renesas/Sample Code/r01an6841xx0111-ra-encoder-foc/repo/RA6T3_Setup/src/application/identification/rmw_tuner_library.o(r_aid_transform.o)
                0x0000d1b0                aid_rotor_angle_update
 .text.aid_transform_uvw_dq_abs
                0x0000d1e0       0x5c D:/Work/0-Zanotic/Renesas/Sample Code/r01an6841xx0111-ra-encoder-foc/repo/RA6T3_Setup/src/application/identification/rmw_tuner_library.o(r_aid_transform.o)
                0x0000d1e0                aid_transform_uvw_dq_abs
 .text.aid_transform_dq_uvw_abs
                0x0000d23c       0x84 D:/Work/0-Zanotic/Renesas/Sample Code/r01an6841xx0111-ra-encoder-foc/repo/RA6T3_Setup/src/application/identification/rmw_tuner_library.o(r_aid_transform.o)
                0x0000d23c                aid_transform_dq_uvw_abs
 .text.aid_volterr_init
                0x0000d2c0       0x14 D:/Work/0-Zanotic/Renesas/Sample Code/r01an6841xx0111-ra-encoder-foc/repo/RA6T3_Setup/src/application/identification/rmw_tuner_library.o(r_aid_volterr.o)
                0x0000d2c0                aid_volterr_init
 .text.aid_volterr_act
                0x0000d2d4      0x570 D:/Work/0-Zanotic/Renesas/Sample Code/r01an6841xx0111-ra-encoder-foc/repo/RA6T3_Setup/src/application/identification/rmw_tuner_library.o(r_aid_volterr.o)
                0x0000d2d4                aid_volterr_act
 .text.aid_volterr_reset
                0x0000d844        0xc D:/Work/0-Zanotic/Renesas/Sample Code/r01an6841xx0111-ra-encoder-foc/repo/RA6T3_Setup/src/application/identification/rmw_tuner_library.o(r_aid_volterr.o)
                0x0000d844                aid_volterr_reset
 .text.aid_volterr_config
                0x0000d850       0x20 D:/Work/0-Zanotic/Renesas/Sample Code/r01an6841xx0111-ra-encoder-foc/repo/RA6T3_Setup/src/application/identification/rmw_tuner_library.o(r_aid_volterr.o)
                0x0000d850                aid_volterr_config
 .text.aid_volterr_config_current_step
                0x0000d870       0x2c D:/Work/0-Zanotic/Renesas/Sample Code/r01an6841xx0111-ra-encoder-foc/repo/RA6T3_Setup/src/application/identification/rmw_tuner_library.o(r_aid_volterr.o)
                0x0000d870                aid_volterr_config_current_step
 .text.aid_volterr_comp_main
                0x0000d89c      0x230 D:/Work/0-Zanotic/Renesas/Sample Code/r01an6841xx0111-ra-encoder-foc/repo/RA6T3_Setup/src/application/identification/rmw_tuner_library.o(r_aid_volterr_comp.o)
                0x0000d89c                aid_volterr_comp_main
 .text.aid_volterr_comp_set_table
                0x0000dacc       0x88 D:/Work/0-Zanotic/Renesas/Sample Code/r01an6841xx0111-ra-encoder-foc/repo/RA6T3_Setup/src/application/identification/rmw_tuner_library.o(r_aid_volterr_comp.o)
                0x0000dacc                aid_volterr_comp_set_table
 .text.aid_volterr_comp_init
                0x0000db54        0xc D:/Work/0-Zanotic/Renesas/Sample Code/r01an6841xx0111-ra-encoder-foc/repo/RA6T3_Setup/src/application/identification/rmw_tuner_library.o(r_aid_volterr_comp.o)
                0x0000db54                aid_volterr_comp_init
 .text.aidf_dft_init
                0x0000db60       0x1c D:/Work/0-Zanotic/Renesas/Sample Code/r01an6841xx0111-ra-encoder-foc/repo/RA6T3_Setup/src/application/identification/rmw_tuner_library.o(r_aid_function.o)
                0x0000db60                aidf_dft_init
 .text.aidf_dft_sum
                0x0000db7c       0x68 D:/Work/0-Zanotic/Renesas/Sample Code/r01an6841xx0111-ra-encoder-foc/repo/RA6T3_Setup/src/application/identification/rmw_tuner_library.o(r_aid_function.o)
                0x0000db7c                aidf_dft_sum
 .text.aidf_dft_result
                0x0000dbe4       0x40 D:/Work/0-Zanotic/Renesas/Sample Code/r01an6841xx0111-ra-encoder-foc/repo/RA6T3_Setup/src/application/identification/rmw_tuner_library.o(r_aid_function.o)
                0x0000dbe4                aidf_dft_result
 .text.aidf_dftdiff_init
                0x0000dc24       0x20 D:/Work/0-Zanotic/Renesas/Sample Code/r01an6841xx0111-ra-encoder-foc/repo/RA6T3_Setup/src/application/identification/rmw_tuner_library.o(r_aid_function.o)
                0x0000dc24                aidf_dftdiff_init
 .text.aidf_dftdiff_sum
                0x0000dc44       0x8c D:/Work/0-Zanotic/Renesas/Sample Code/r01an6841xx0111-ra-encoder-foc/repo/RA6T3_Setup/src/application/identification/rmw_tuner_library.o(r_aid_function.o)
                0x0000dc44                aidf_dftdiff_sum
 .text.aidf_dftdiff_result_div
                0x0000dcd0       0x8c D:/Work/0-Zanotic/Renesas/Sample Code/r01an6841xx0111-ra-encoder-foc/repo/RA6T3_Setup/src/application/identification/rmw_tuner_library.o(r_aid_function.o)
                0x0000dcd0                aidf_dftdiff_result_div
 .text.aidf_dftdiff_get_result_amp
                0x0000dd5c       0xb0 D:/Work/0-Zanotic/Renesas/Sample Code/r01an6841xx0111-ra-encoder-foc/repo/RA6T3_Setup/src/application/identification/rmw_tuner_library.o(r_aid_function.o)
                0x0000dd5c                aidf_dftdiff_get_result_amp
 .text.aidf_sinref_init
                0x0000de0c       0x34 D:/Work/0-Zanotic/Renesas/Sample Code/r01an6841xx0111-ra-encoder-foc/repo/RA6T3_Setup/src/application/identification/rmw_tuner_library.o(r_aid_function.o)
                0x0000de0c                aidf_sinref_init
 .text.aidf_sinref_generate
                0x0000de40       0x68 D:/Work/0-Zanotic/Renesas/Sample Code/r01an6841xx0111-ra-encoder-foc/repo/RA6T3_Setup/src/application/identification/rmw_tuner_library.o(r_aid_function.o)
                0x0000de40                aidf_sinref_generate
 .text.aidf_sinref_get_angle
                0x0000dea8        0xc D:/Work/0-Zanotic/Renesas/Sample Code/r01an6841xx0111-ra-encoder-foc/repo/RA6T3_Setup/src/application/identification/rmw_tuner_library.o(r_aid_function.o)
                0x0000dea8                aidf_sinref_get_angle
 .text.aidf_rls_init
                0x0000deb4       0x7c D:/Work/0-Zanotic/Renesas/Sample Code/r01an6841xx0111-ra-encoder-foc/repo/RA6T3_Setup/src/application/identification/rmw_tuner_library.o(r_aid_function.o)
                0x0000deb4                aidf_rls_init
 .text.aidf_rls_exec
                0x0000df30      0x1dc D:/Work/0-Zanotic/Renesas/Sample Code/r01an6841xx0111-ra-encoder-foc/repo/RA6T3_Setup/src/application/identification/rmw_tuner_library.o(r_aid_function.o)
                0x0000df30                aidf_rls_exec
 .text.aidf_rls2_init
                0x0000e10c       0x80 D:/Work/0-Zanotic/Renesas/Sample Code/r01an6841xx0111-ra-encoder-foc/repo/RA6T3_Setup/src/application/identification/rmw_tuner_library.o(r_aid_function.o)
                0x0000e10c                aidf_rls2_init
 .text.aidf_rls2_exec
                0x0000e18c      0x11c D:/Work/0-Zanotic/Renesas/Sample Code/r01an6841xx0111-ra-encoder-foc/repo/RA6T3_Setup/src/application/identification/rmw_tuner_library.o(r_aid_function.o)
                0x0000e18c                aidf_rls2_exec
 .text.aidf_linereg
                0x0000e2a8       0xa0 D:/Work/0-Zanotic/Renesas/Sample Code/r01an6841xx0111-ra-encoder-foc/repo/RA6T3_Setup/src/application/identification/rmw_tuner_library.o(r_aid_function.o)
                0x0000e2a8                aidf_linereg
 .text.rm_motor_current_pi_gain_calc
                0x0000e348       0x5c D:\Work\0-Zanotic\Renesas\Sample Code\r01an6841xx0111-ra-encoder-foc\repo\RA6T3_Setup\ra\fsp\lib\rm_motor_current\cm33_gcc\librm_motor_current.a(rm_motor_current_pi_gain_calc.o)
                0x0000e348                rm_motor_current_pi_gain_calc
 .text.rm_motor_voltage_error_compensation_init
                0x0000e3a4       0x64 D:\Work\0-Zanotic\Renesas\Sample Code\r01an6841xx0111-ra-encoder-foc\repo\RA6T3_Setup\ra\fsp\lib\rm_motor_current\cm33_gcc\librm_motor_current.a(rm_motor_volt_error_comp.o)
                0x0000e3a4                rm_motor_voltage_error_compensation_init
 .text.rm_motor_voltage_error_compensation_reset
                0x0000e408        0xc D:\Work\0-Zanotic\Renesas\Sample Code\r01an6841xx0111-ra-encoder-foc\repo\RA6T3_Setup\ra\fsp\lib\rm_motor_current\cm33_gcc\librm_motor_current.a(rm_motor_volt_error_comp.o)
                0x0000e408                rm_motor_voltage_error_compensation_reset
 .text.rm_motor_voltage_error_compensation_main
                0x0000e414      0x250 D:\Work\0-Zanotic\Renesas\Sample Code\r01an6841xx0111-ra-encoder-foc\repo\RA6T3_Setup\ra\fsp\lib\rm_motor_current\cm33_gcc\librm_motor_current.a(rm_motor_volt_error_comp.o)
                0x0000e414                rm_motor_voltage_error_compensation_main
 .text.rm_motor_speed_disturbance_observer_init
                0x0000e664       0x6c D:\Work\0-Zanotic\Renesas\Sample Code\r01an6841xx0111-ra-encoder-foc\repo\RA6T3_Setup\ra\fsp\lib\rm_motor_speed\cm33_gcc\librm_motor_speed.a(rm_motor_speed_disturbance_observer.o)
                0x0000e664                rm_motor_speed_disturbance_observer_init
 .text.rm_motor_speed_disturbance_observer_reset
                0x0000e6d0        0xc D:\Work\0-Zanotic\Renesas\Sample Code\r01an6841xx0111-ra-encoder-foc\repo\RA6T3_Setup\ra\fsp\lib\rm_motor_speed\cm33_gcc\librm_motor_speed.a(rm_motor_speed_disturbance_observer.o)
                0x0000e6d0                rm_motor_speed_disturbance_observer_reset
 .text.rm_motor_speed_disturbance_observer_run
                0x0000e6dc       0x7c D:\Work\0-Zanotic\Renesas\Sample Code\r01an6841xx0111-ra-encoder-foc\repo\RA6T3_Setup\ra\fsp\lib\rm_motor_speed\cm33_gcc\librm_motor_speed.a(rm_motor_speed_disturbance_observer.o)
                0x0000e6dc                rm_motor_speed_disturbance_observer_run
 .text.rm_motor_speed_fluxwkn_reset
                0x0000e758       0x14 D:\Work\0-Zanotic\Renesas\Sample Code\r01an6841xx0111-ra-encoder-foc\repo\RA6T3_Setup\ra\fsp\lib\rm_motor_speed\cm33_gcc\librm_motor_speed.a(rm_motor_speed_fluxwkn.o)
                0x0000e758                rm_motor_speed_fluxwkn_reset
 .text.rm_motor_speed_fluxwkn_run
                0x0000e76c      0x170 D:\Work\0-Zanotic\Renesas\Sample Code\r01an6841xx0111-ra-encoder-foc\repo\RA6T3_Setup\ra\fsp\lib\rm_motor_speed\cm33_gcc\librm_motor_speed.a(rm_motor_speed_fluxwkn.o)
                0x0000e76c                rm_motor_speed_fluxwkn_run
 .text.rm_motor_speed_fluxwkn_set_motor
                0x0000e8dc       0x64 D:\Work\0-Zanotic\Renesas\Sample Code\r01an6841xx0111-ra-encoder-foc\repo\RA6T3_Setup\ra\fsp\lib\rm_motor_speed\cm33_gcc\librm_motor_speed.a(rm_motor_speed_fluxwkn.o)
                0x0000e8dc                rm_motor_speed_fluxwkn_set_motor
 .text.rm_motor_speed_fluxwkn_init
                0x0000e940       0x94 D:\Work\0-Zanotic\Renesas\Sample Code\r01an6841xx0111-ra-encoder-foc\repo\RA6T3_Setup\ra\fsp\lib\rm_motor_speed\cm33_gcc\librm_motor_speed.a(rm_motor_speed_fluxwkn.o)
                0x0000e940                rm_motor_speed_fluxwkn_init
 .text.rm_motor_speed_fluxwkn_set_vamax
                0x0000e9d4       0x24 D:\Work\0-Zanotic\Renesas\Sample Code\r01an6841xx0111-ra-encoder-foc\repo\RA6T3_Setup\ra\fsp\lib\rm_motor_speed\cm33_gcc\librm_motor_speed.a(rm_motor_speed_fluxwkn.o)
                0x0000e9d4                rm_motor_speed_fluxwkn_set_vamax
 .text.rm_motor_speed_fluxwkn_check_bypass
                0x0000e9f8        0xc D:\Work\0-Zanotic\Renesas\Sample Code\r01an6841xx0111-ra-encoder-foc\repo\RA6T3_Setup\ra\fsp\lib\rm_motor_speed\cm33_gcc\librm_motor_speed.a(rm_motor_speed_fluxwkn.o)
                0x0000e9f8                rm_motor_speed_fluxwkn_check_bypass
 .text.rm_motor_speed_pi_gain_calc
                0x0000ea04       0x58 D:\Work\0-Zanotic\Renesas\Sample Code\r01an6841xx0111-ra-encoder-foc\repo\RA6T3_Setup\ra\fsp\lib\rm_motor_speed\cm33_gcc\librm_motor_speed.a(rm_motor_speed_gain_calc.o)
                0x0000ea04                rm_motor_speed_pi_gain_calc
 .text.rm_motor_speed_observer_init
                0x0000ea5c       0x2c D:\Work\0-Zanotic\Renesas\Sample Code\r01an6841xx0111-ra-encoder-foc\repo\RA6T3_Setup\ra\fsp\lib\rm_motor_speed\cm33_gcc\librm_motor_speed.a(rm_motor_speed_observer.o)
                0x0000ea5c                rm_motor_speed_observer_init
 .text.rm_motor_speed_observer_reset
                0x0000ea88       0x1c D:\Work\0-Zanotic\Renesas\Sample Code\r01an6841xx0111-ra-encoder-foc\repo\RA6T3_Setup\ra\fsp\lib\rm_motor_speed\cm33_gcc\librm_motor_speed.a(rm_motor_speed_observer.o)
                0x0000ea88                rm_motor_speed_observer_reset
 .text.rm_motor_speed_observer_gain_calc
                0x0000eaa4       0xc0 D:\Work\0-Zanotic\Renesas\Sample Code\r01an6841xx0111-ra-encoder-foc\repo\RA6T3_Setup\ra\fsp\lib\rm_motor_speed\cm33_gcc\librm_motor_speed.a(rm_motor_speed_observer.o)
                0x0000eaa4                rm_motor_speed_observer_gain_calc
 .text.rm_motor_speed_observer
                0x0000eb64       0xe0 D:\Work\0-Zanotic\Renesas\Sample Code\r01an6841xx0111-ra-encoder-foc\repo\RA6T3_Setup\ra\fsp\lib\rm_motor_speed\cm33_gcc\librm_motor_speed.a(rm_motor_speed_observer.o)
                0x0000eb64                rm_motor_speed_observer
 .text.rm_motor_speed_opl_damp_init
                0x0000ec44        0xc D:\Work\0-Zanotic\Renesas\Sample Code\r01an6841xx0111-ra-encoder-foc\repo\RA6T3_Setup\ra\fsp\lib\rm_motor_speed\cm33_gcc\librm_motor_speed.a(rm_motor_speed_opl_damp_ctrl.o)
                0x0000ec44                rm_motor_speed_opl_damp_init
 .text.rm_motor_speed_opl_damp_reset
                0x0000ec50        0x8 D:\Work\0-Zanotic\Renesas\Sample Code\r01an6841xx0111-ra-encoder-foc\repo\RA6T3_Setup\ra\fsp\lib\rm_motor_speed\cm33_gcc\librm_motor_speed.a(rm_motor_speed_opl_damp_ctrl.o)
                0x0000ec50                rm_motor_speed_opl_damp_reset
 .text.rm_motor_speed_opl_damp_r_set_gain
                0x0000ec58       0xac D:\Work\0-Zanotic\Renesas\Sample Code\r01an6841xx0111-ra-encoder-foc\repo\RA6T3_Setup\ra\fsp\lib\rm_motor_speed\cm33_gcc\librm_motor_speed.a(rm_motor_speed_opl_damp_ctrl.o)
                0x0000ec58                rm_motor_speed_opl_damp_r_set_gain
 .text.rm_motor_speed_limitfabs
                0x0000ed04       0x24 D:\Work\0-Zanotic\Renesas\Sample Code\r01an6841xx0111-ra-encoder-foc\repo\RA6T3_Setup\ra\fsp\lib\rm_motor_speed\cm33_gcc\librm_motor_speed.a(rm_motor_speed_opl_damp_ctrl.o)
                0x0000ed04                rm_motor_speed_limitfabs
 .text.motor_position_ipd_ctrl_init
                0x0000ed28       0x60 D:\Work\0-Zanotic\Renesas\Sample Code\r01an6841xx0111-ra-encoder-foc\repo\RA6T3_Setup\ra\fsp\lib\rm_motor_position\cm33_gcc\librm_motor_position.a(rm_motor_position_ipd.o)
                0x0000ed28                motor_position_ipd_ctrl_init
 .text.motor_position_ipd_ctrl_reset
                0x0000ed88       0x20 D:\Work\0-Zanotic\Renesas\Sample Code\r01an6841xx0111-ra-encoder-foc\repo\RA6T3_Setup\ra\fsp\lib\rm_motor_position\cm33_gcc\librm_motor_position.a(rm_motor_position_ipd.o)
                0x0000ed88                motor_position_ipd_ctrl_reset
 .text.motor_position_ipd_ctrl_gain_calc
                0x0000eda8       0xdc D:\Work\0-Zanotic\Renesas\Sample Code\r01an6841xx0111-ra-encoder-foc\repo\RA6T3_Setup\ra\fsp\lib\rm_motor_position\cm33_gcc\librm_motor_position.a(rm_motor_position_ipd.o)
                0x0000eda8                motor_position_ipd_ctrl_gain_calc
 .text.motor_position_ipd_speed_p_ctrl
                0x0000ee84       0x10 D:\Work\0-Zanotic\Renesas\Sample Code\r01an6841xx0111-ra-encoder-foc\repo\RA6T3_Setup\ra\fsp\lib\rm_motor_position\cm33_gcc\librm_motor_position.a(rm_motor_position_ipd.o)
                0x0000ee84                motor_position_ipd_speed_p_ctrl
 .text.motor_position_ipd_error_calc
                0x0000ee94       0x88 D:\Work\0-Zanotic\Renesas\Sample Code\r01an6841xx0111-ra-encoder-foc\repo\RA6T3_Setup\ra\fsp\lib\rm_motor_position\cm33_gcc\librm_motor_position.a(rm_motor_position_ipd.o)
                0x0000ee94                motor_position_ipd_error_calc
 .text.motor_position_ipd_ctrl
                0x0000ef1c       0xac D:\Work\0-Zanotic\Renesas\Sample Code\r01an6841xx0111-ra-encoder-foc\repo\RA6T3_Setup\ra\fsp\lib\rm_motor_position\cm33_gcc\librm_motor_position.a(rm_motor_position_ipd.o)
                0x0000ef1c                motor_position_ipd_ctrl
 .text          0x0000efc8      0x378 c:/program files (x86)/gnu arm embedded toolchain/10 2021.10/bin/../lib/gcc/arm-none-eabi/10.3.1/thumb/v8-m.main+fp/hard\libgcc.a(_arm_addsubdf3.o)
                0x0000efc8                __aeabi_drsub
                0x0000efd0                __aeabi_dsub
                0x0000efd0                __subdf3
                0x0000efd4                __aeabi_dadd
                0x0000efd4                __adddf3
                0x0000f24c                __floatunsidf
                0x0000f24c                __aeabi_ui2d
                0x0000f26c                __floatsidf
                0x0000f26c                __aeabi_i2d
                0x0000f290                __aeabi_f2d
                0x0000f290                __extendsfdf2
                0x0000f2d4                __floatundidf
                0x0000f2d4                __aeabi_ul2d
                0x0000f2e4                __floatdidf
                0x0000f2e4                __aeabi_l2d
 .text          0x0000f340       0xa0 c:/program files (x86)/gnu arm embedded toolchain/10 2021.10/bin/../lib/gcc/arm-none-eabi/10.3.1/thumb/v8-m.main+fp/hard\libgcc.a(_arm_truncdfsf2.o)
                0x0000f340                __truncdfsf2
                0x0000f340                __aeabi_d2f
 .text.__errno  0x0000f3e0        0xc c:/program files (x86)/gnu arm embedded toolchain/10 2021.10/bin/../lib/gcc/arm-none-eabi/10.3.1/../../../../arm-none-eabi/lib/thumb/v8-m.main+fp/hard\libg_nano.a(lib_a-errno.o)
                0x0000f3e0                __errno
 .text.memcpy   0x0000f3ec       0x1a c:/program files (x86)/gnu arm embedded toolchain/10 2021.10/bin/../lib/gcc/arm-none-eabi/10.3.1/../../../../arm-none-eabi/lib/thumb/v8-m.main+fp/hard\libg_nano.a(lib_a-memcpy-stub.o)
                0x0000f3ec                memcpy
 .text.memset   0x0000f406       0x10 c:/program files (x86)/gnu arm embedded toolchain/10 2021.10/bin/../lib/gcc/arm-none-eabi/10.3.1/../../../../arm-none-eabi/lib/thumb/v8-m.main+fp/hard\libg_nano.a(lib_a-memset.o)
                0x0000f406                memset
 *fill*         0x0000f416        0x2 ff
 .text.atanf    0x0000f418      0x1b0 c:/program files (x86)/gnu arm embedded toolchain/10 2021.10/bin/../lib/gcc/arm-none-eabi/10.3.1/../../../../arm-none-eabi/lib/thumb/v8-m.main+fp/hard\libm.a(lib_a-sf_atan.o)
                0x0000f418                atanf
 .text.cosf     0x0000f5c8       0x88 c:/program files (x86)/gnu arm embedded toolchain/10 2021.10/bin/../lib/gcc/arm-none-eabi/10.3.1/../../../../arm-none-eabi/lib/thumb/v8-m.main+fp/hard\libm.a(lib_a-sf_cos.o)
                0x0000f5c8                cosf
 .text.fabsf    0x0000f650       0x10 c:/program files (x86)/gnu arm embedded toolchain/10 2021.10/bin/../lib/gcc/arm-none-eabi/10.3.1/../../../../arm-none-eabi/lib/thumb/v8-m.main+fp/hard\libm.a(lib_a-sf_fabs.o)
                0x0000f650                fabsf
 .text.sinf     0x0000f660       0x8c c:/program files (x86)/gnu arm embedded toolchain/10 2021.10/bin/../lib/gcc/arm-none-eabi/10.3.1/../../../../arm-none-eabi/lib/thumb/v8-m.main+fp/hard\libm.a(lib_a-sf_sin.o)
                0x0000f660                sinf
 .text.fmod     0x0000f6ec       0x6c c:/program files (x86)/gnu arm embedded toolchain/10 2021.10/bin/../lib/gcc/arm-none-eabi/10.3.1/../../../../arm-none-eabi/lib/thumb/v8-m.main+fp/hard\libm.a(lib_a-w_fmod.o)
                0x0000f6ec                fmod
 .text.sqrtf    0x0000f758       0x44 c:/program files (x86)/gnu arm embedded toolchain/10 2021.10/bin/../lib/gcc/arm-none-eabi/10.3.1/../../../../arm-none-eabi/lib/thumb/v8-m.main+fp/hard\libm.a(lib_a-wf_sqrt.o)
                0x0000f758                sqrtf
 .text.__ieee754_fmod
                0x0000f79c      0x288 c:/program files (x86)/gnu arm embedded toolchain/10 2021.10/bin/../lib/gcc/arm-none-eabi/10.3.1/../../../../arm-none-eabi/lib/thumb/v8-m.main+fp/hard\libm.a(lib_a-e_fmod.o)
                0x0000f79c                __ieee754_fmod
 .text.__ieee754_rem_pio2f
                0x0000fa24      0x26c c:/program files (x86)/gnu arm embedded toolchain/10 2021.10/bin/../lib/gcc/arm-none-eabi/10.3.1/../../../../arm-none-eabi/lib/thumb/v8-m.main+fp/hard\libm.a(lib_a-ef_rem_pio2.o)
                0x0000fa24                __ieee754_rem_pio2f
 .text.__ieee754_sqrtf
                0x0000fc90        0x8 c:/program files (x86)/gnu arm embedded toolchain/10 2021.10/bin/../lib/gcc/arm-none-eabi/10.3.1/../../../../arm-none-eabi/lib/thumb/v8-m.main+fp/hard\libm.a(lib_a-ef_sqrt.o)
                0x0000fc90                __ieee754_sqrtf
 .text.__kernel_cosf